Component: ARM Compiler 5.05 update 1 (build 106) Tool: armlink [4d0efa]

==============================================================================

Section Cross References

    main.o(i.main) refers to tasks.o(i.BSP_Int) for BSP_Int
    main.o(i.main) refers to tasks.o(i.Task_25HZ) for Task_25HZ
    main.o(i.main) refers to tasks.o(i.Task_5HZ) for Task_5HZ
    main.o(i.main) refers to stm32f10x_it.o(.data) for Count_40ms
    stm32f10x_it.o(i.EXTI15_10_IRQHandler) refers to stm32f10x_exti.o(i.EXTI_GetITStatus) for EXTI_GetITStatus
    stm32f10x_it.o(i.EXTI15_10_IRQHandler) refers to stm32f10x_exti.o(i.EXTI_ClearITPendingBit) for EXTI_ClearITPendingBit
    stm32f10x_it.o(i.EXTI15_10_IRQHandler) refers to nrf24l01.o(i.NRF24L01_IRQ) for NRF24L01_IRQ
    stm32f10x_it.o(i.EXTI15_10_IRQHandler) refers to timer3.o(.data) for Timer3_Count
    stm32f10x_it.o(i.EXTI15_10_IRQHandler) refers to stm32f10x_it.o(.data) for Key_Delay
    stm32f10x_it.o(i.EXTI15_10_IRQHandler) refers to led_key.o(.data) for roll_aux
    stm32f10x_it.o(i.EXTI9_5_IRQHandler) refers to stm32f10x_exti.o(i.EXTI_GetITStatus) for EXTI_GetITStatus
    stm32f10x_it.o(i.EXTI9_5_IRQHandler) refers to stm32f10x_exti.o(i.EXTI_ClearITPendingBit) for EXTI_ClearITPendingBit
    stm32f10x_it.o(i.EXTI9_5_IRQHandler) refers to timer3.o(.data) for Timer3_Count
    stm32f10x_it.o(i.EXTI9_5_IRQHandler) refers to stm32f10x_it.o(.data) for Key_Delay
    stm32f10x_it.o(i.EXTI9_5_IRQHandler) refers to led_key.o(.data) for pitch_aux
    stm32f10x_it.o(i.TIM3_IRQHandler) refers to struct_all.o(.data) for Bsp_Int_Ok
    stm32f10x_it.o(i.TIM3_IRQHandler) refers to timer3.o(.data) for Timer3_Count
    stm32f10x_it.o(i.TIM3_IRQHandler) refers to stm32f10x_it.o(.data) for Count_2ms
    nrf24l01.o(i.NRF24L01_Analyse) refers to nrf24l01.o(.bss) for NRF24L01_RXDATA
    nrf24l01.o(i.NRF24L01_Check) refers to spi.o(i.SPI1_SetSpeed) for SPI1_SetSpeed
    nrf24l01.o(i.NRF24L01_Check) refers to nrf24l01.o(i.NRF24L01_Write_Buf) for NRF24L01_Write_Buf
    nrf24l01.o(i.NRF24L01_Check) refers to nrf24l01.o(i.NRF24L01_Read_Buf) for NRF24L01_Read_Buf
    nrf24l01.o(i.NRF24L01_Check) refers to nrf24l01.o(.constdata) for .constdata
    nrf24l01.o(i.NRF24L01_IO_Init) refers to stm32f10x_rcc.o(i.RCC_APB2PeriphClockCmd) for RCC_APB2PeriphClockCmd
    nrf24l01.o(i.NRF24L01_IO_Init) refers to stm32f10x_gpio.o(i.GPIO_Init) for GPIO_Init
    nrf24l01.o(i.NRF24L01_IO_Init) refers to stm32f10x_gpio.o(i.GPIO_EXTILineConfig) for GPIO_EXTILineConfig
    nrf24l01.o(i.NRF24L01_IO_Init) refers to stm32f10x_exti.o(i.EXTI_Init) for EXTI_Init
    nrf24l01.o(i.NRF24L01_IO_Init) refers to spi.o(i.SPI_GPIO_Init) for SPI_GPIO_Init
    nrf24l01.o(i.NRF24L01_IRQ) refers to nrf24l01.o(i.NRF24L01_Read_Reg) for NRF24L01_Read_Reg
    nrf24l01.o(i.NRF24L01_IRQ) refers to nrf24l01.o(i.NRF24L01_Read_Buf) for NRF24L01_Read_Buf
    nrf24l01.o(i.NRF24L01_IRQ) refers to nrf24l01.o(i.NRF24L01_Write_Reg) for NRF24L01_Write_Reg
    nrf24l01.o(i.NRF24L01_IRQ) refers to nrf24l01.o(i.NRF24L01_RX_Mode) for NRF24L01_RX_Mode
    nrf24l01.o(i.NRF24L01_IRQ) refers to nrf24l01.o(.bss) for NRF24L01_RXDATA
    nrf24l01.o(i.NRF24L01_IRQ) refers to nrf24l01.o(.data) for Nrf_Erro
    nrf24l01.o(i.NRF24L01_RX_Mode) refers to nrf24l01.o(i.NRF24L01_Write_Reg) for NRF24L01_Write_Reg
    nrf24l01.o(i.NRF24L01_RX_Mode) refers to nrf24l01.o(i.NRF24L01_Write_Buf) for NRF24L01_Write_Buf
    nrf24l01.o(i.NRF24L01_RX_Mode) refers to nrf24l01.o(.data) for RX_ADDRESS
    nrf24l01.o(i.NRF24L01_Read_Buf) refers to spi.o(i.SPI1_RW) for SPI1_RW
    nrf24l01.o(i.NRF24L01_Read_Reg) refers to spi.o(i.SPI1_RW) for SPI1_RW
    nrf24l01.o(i.NRF24L01_RxPacket) refers to nrf24l01.o(i.NRF24L01_Read_Reg) for NRF24L01_Read_Reg
    nrf24l01.o(i.NRF24L01_RxPacket) refers to nrf24l01.o(i.NRF24L01_Write_Reg) for NRF24L01_Write_Reg
    nrf24l01.o(i.NRF24L01_RxPacket) refers to nrf24l01.o(i.NRF24L01_Read_Buf) for NRF24L01_Read_Buf
    nrf24l01.o(i.NRF24L01_TX_Mode) refers to nrf24l01.o(i.NRF24L01_Write_Buf) for NRF24L01_Write_Buf
    nrf24l01.o(i.NRF24L01_TX_Mode) refers to nrf24l01.o(i.NRF24L01_Write_Reg) for NRF24L01_Write_Reg
    nrf24l01.o(i.NRF24L01_TX_Mode) refers to nrf24l01.o(.data) for TX_ADDRESS
    nrf24l01.o(i.NRF24L01_TxPacket) refers to nrf24l01.o(i.NRF24L01_Write_Buf) for NRF24L01_Write_Buf
    nrf24l01.o(i.NRF24L01_TxPacket) refers to nrf24l01.o(i.NRF24L01_Read_Reg) for NRF24L01_Read_Reg
    nrf24l01.o(i.NRF24L01_TxPacket) refers to nrf24l01.o(i.NRF24L01_Write_Reg) for NRF24L01_Write_Reg
    nrf24l01.o(i.NRF24L01_Write_Buf) refers to spi.o(i.SPI1_RW) for SPI1_RW
    nrf24l01.o(i.NRF24L01_Write_Reg) refers to spi.o(i.SPI1_RW) for SPI1_RW
    nrf24l01.o(i.NRF_Send_TX) refers to nrf24l01.o(i.NRF24L01_TX_Mode) for NRF24L01_TX_Mode
    nrf24l01.o(i.NRF_Send_TX) refers to nrf24l01.o(i.NRF24L01_Write_Buf) for NRF24L01_Write_Buf
    nrf24l01.o(i.Nrf_Connect) refers to nrf24l01.o(i.NRF24L01_Analyse) for NRF24L01_Analyse
[...]
    Removing stm32f10x_flash.o(i.FLASH_ReadOutProtection), (172 bytes).
    Removing stm32f10x_flash.o(i.FLASH_SetLatency), (24 bytes).
    Removing stm32f10x_flash.o(i.FLASH_Unlock), (24 bytes).
    Removing stm32f10x_flash.o(i.FLASH_UnlockBank1), (24 bytes).
    Removing stm32f10x_flash.o(i.FLASH_UserOptionByteConfig), (104 bytes).
    Removing stm32f10x_flash.o(i.FLASH_WaitForLastBank1Operation), (38 bytes).
    Removing stm32f10x_flash.o(i.FLASH_WaitForLastOperation), (38 bytes).
    Removing stm32f10x_gpio.o(i.GPIO_AFIODeInit), (20 bytes).
    Removing stm32f10x_gpio.o(i.GPIO_DeInit), (200 bytes).
    Removing stm32f10x_gpio.o(i.GPIO_ETH_MediaInterfaceConfig), (12 bytes).
    Removing stm32f10x_gpio.o(i.GPIO_EventOutputCmd), (12 bytes).
    Removing stm32f10x_gpio.o(i.GPIO_EventOutputConfig), (32 bytes).
    Removing stm32f10x_gpio.o(i.GPIO_PinLockConfig), (18 bytes).
    Removing stm32f10x_gpio.o(i.GPIO_ReadInputData), (8 bytes).
    Removing stm32f10x_gpio.o(i.GPIO_ReadInputDataBit), (18 bytes).
    Removing stm32f10x_gpio.o(i.GPIO_ReadOutputData), (8 bytes).
    Removing stm32f10x_gpio.o(i.GPIO_ReadOutputDataBit), (18 bytes).
    Removing stm32f10x_gpio.o(i.GPIO_ResetBits), (4 bytes).
    Removing stm32f10x_gpio.o(i.GPIO_SetBits), (4 bytes).
    Removing stm32f10x_gpio.o(i.GPIO_StructInit), (16 bytes).
    Removing stm32f10x_gpio.o(i.GPIO_Write), (4 bytes).
    Removing stm32f10x_gpio.o(i.GPIO_WriteBit), (10 bytes).
    Removing stm32f10x_rcc.o(i.RCC_AdjustHSICalibrationValue), (24 bytes).
    Removing stm32f10x_rcc.o(i.RCC_BackupResetCmd), (12 bytes).
    Removing stm32f10x_rcc.o(i.RCC_ClearFlag), (20 bytes).
    Removing stm32f10x_rcc.o(i.RCC_ClearITPendingBit), (12 bytes).
    Removing stm32f10x_rcc.o(i.RCC_ClockSecuritySystemCmd), (12 bytes).
    Removing stm32f10x_rcc.o(i.RCC_DeInit), (76 bytes).
    Removing stm32f10x_rcc.o(i.RCC_GetFlagStatus), (60 bytes).
    Removing stm32f10x_rcc.o(i.RCC_GetITStatus), (24 bytes).
    Removing stm32f10x_rcc.o(i.RCC_GetSYSCLKSource), (16 bytes).
    Removing stm32f10x_rcc.o(i.RCC_HCLKConfig), (24 bytes).
    Removing stm32f10x_rcc.o(i.RCC_HSEConfig), (76 bytes).
    Removing stm32f10x_rcc.o(i.RCC_HSICmd), (12 bytes).
    Removing stm32f10x_rcc.o(i.RCC_ITConfig), (32 bytes).
    Removing stm32f10x_rcc.o(i.RCC_LSICmd), (12 bytes).
    Removing stm32f10x_rcc.o(i.RCC_MCOConfig), (12 bytes).
    Removing stm32f10x_rcc.o(i.RCC_PCLK1Config), (24 bytes).
    Removing stm32f10x_rcc.o(i.RCC_PCLK2Config), (24 bytes).
    Removing stm32f10x_rcc.o(i.RCC_PLLCmd), (12 bytes).
    Removing stm32f10x_rcc.o(i.RCC_PLLConfig), (28 bytes).
    Removing stm32f10x_rcc.o(i.RCC_RTCCLKCmd), (12 bytes).
    Removing stm32f10x_rcc.o(i.RCC_RTCCLKConfig), (16 bytes).
    Removing stm32f10x_rcc.o(i.RCC_SYSCLKConfig), (24 bytes).
    Removing stm32f10x_rcc.o(i.RCC_USBCLKConfig), (12 bytes).
    Removing stm32f10x_rcc.o(i.RCC_WaitForHSEStartUp), (56 bytes).
    Removing stm32f10x_adc.o(i.ADC_AnalogWatchdogCmd), (20 bytes).
    Removing stm32f10x_adc.o(i.ADC_AnalogWatchdogSingleChannelConfig), (16 bytes).
    Removing stm32f10x_adc.o(i.ADC_AnalogWatchdogThresholdsConfig), (6 bytes).
    Removing stm32f10x_adc.o(i.ADC_AutoInjectedConvCmd), (22 bytes).
    Removing stm32f10x_adc.o(i.ADC_ClearFlag), (6 bytes).
    Removing stm32f10x_adc.o(i.ADC_ClearITPendingBit), (10 bytes).
    Removing stm32f10x_adc.o(i.ADC_DiscModeChannelCountConfig), (24 bytes).
    Removing stm32f10x_adc.o(i.ADC_DiscModeCmd), (22 bytes).
    Removing stm32f10x_adc.o(i.ADC_ExternalTrigConvCmd), (22 bytes).
    Removing stm32f10x_adc.o(i.ADC_ExternalTrigInjectedConvCmd), (22 bytes).
    Removing stm32f10x_adc.o(i.ADC_ExternalTrigInjectedConvConfig), (16 bytes).
    Removing stm32f10x_adc.o(i.ADC_GetConversionValue), (8 bytes).
    Removing stm32f10x_adc.o(i.ADC_GetDualModeConversionValue), (12 bytes).
    Removing stm32f10x_adc.o(i.ADC_GetFlagStatus), (18 bytes).
    Removing stm32f10x_adc.o(i.ADC_GetITStatus), (36 bytes).
    Removing stm32f10x_adc.o(i.ADC_GetInjectedConversionValue), (28 bytes).
    Removing stm32f10x_adc.o(i.ADC_GetSoftwareStartConvStatus), (20 bytes).
    Removing stm32f10x_adc.o(i.ADC_GetSoftwareStartInjectedConvCmdStatus), (20 bytes).
    Removing stm32f10x_adc.o(i.ADC_ITConfig), (24 bytes).
    Removing stm32f10x_adc.o(i.ADC_InjectedChannelConfig), (130 bytes).
    Removing stm32f10x_adc.o(i.ADC_InjectedDiscModeCmd), (22 bytes).
    Removing stm32f10x_adc.o(i.ADC_InjectedSequencerLengthConfig), (24 bytes).
    Removing stm32f10x_adc.o(i.ADC_SetInjectedOffset), (20 bytes).
    Removing stm32f10x_adc.o(i.ADC_SoftwareStartInjectedConvCmd), (22 bytes).
    Removing stm32f10x_adc.o(i.ADC_StructInit), (18 bytes).
    Removing stm32f10x_bkp.o(i.BKP_ClearFlag), (20 bytes).
    Removing stm32f10x_bkp.o(i.BKP_ClearITPendingBit), (20 bytes).
    Removing stm32f10x_bkp.o(i.BKP_DeInit), (16 bytes).
    Removing stm32f10x_bkp.o(i.BKP_GetFlagStatus), (12 bytes).
    Removing stm32f10x_bkp.o(i.BKP_GetITStatus), (12 bytes).
    Removing stm32f10x_bkp.o(i.BKP_ITConfig), (12 bytes).
    Removing stm32f10x_bkp.o(i.BKP_RTCOutputConfig), (28 bytes).
    Removing stm32f10x_bkp.o(i.BKP_ReadBackupRegister), (28 bytes).
    Removing stm32f10x_bkp.o(i.BKP_SetRTCCalibrationValue), (28 bytes).
    Removing stm32f10x_bkp.o(i.BKP_TamperPinLevelConfig), (12 bytes).
    Removing stm32f10x_bkp.o(i.BKP_WriteBackupRegister), (28 bytes).
    Removing stm32f10x_can.o(i.CAN_CancelTransmit), (48 bytes).
    Removing stm32f10x_can.o(i.CAN_ClearFlag), (56 bytes).
    Removing stm32f10x_can.o(i.CAN_ClearITPendingBit), (168 bytes).
    Removing stm32f10x_can.o(i.CAN_DBGFreeze), (22 bytes).
    Removing stm32f10x_can.o(i.CAN_DeInit), (56 bytes).
    Removing stm32f10x_can.o(i.CAN_FIFORelease), (22 bytes).
    Removing stm32f10x_can.o(i.CAN_FilterInit), (264 bytes).
    Removing stm32f10x_can.o(i.CAN_GetFlagStatus), (120 bytes).
    Removing stm32f10x_can.o(i.CAN_GetITStatus), (300 bytes).
    Removing stm32f10x_can.o(i.CAN_ITConfig), (18 bytes).
    Removing stm32f10x_can.o(i.CAN_Init), (276 bytes).
    Removing stm32f10x_can.o(i.CAN_MessagePending), (30 bytes).
    Removing stm32f10x_can.o(i.CAN_Receive), (234 bytes).
    Removing stm32f10x_can.o(i.CAN_SlaveStartBank), (52 bytes).
    Removing stm32f10x_can.o(i.CAN_Sleep), (30 bytes).
    Removing stm32f10x_can.o(i.CAN_StructInit), (32 bytes).
    Removing stm32f10x_can.o(i.CAN_Transmit), (294 bytes).
    Removing stm32f10x_can.o(i.CAN_TransmitStatus), (142 bytes).
    Removing stm32f10x_can.o(i.CAN_WakeUp), (48 bytes).
    Removing stm32f10x_can.o(i.CheckITStatus), (18 bytes).
    Removing stm32f10x_cec.o(i.CEC_ClearFlag), (36 bytes).
    Removing stm32f10x_cec.o(i.CEC_ClearITPendingBit), (36 bytes).
    Removing stm32f10x_cec.o(i.CEC_Cmd), (32 bytes).
    Removing stm32f10x_cec.o(i.CEC_DeInit), (22 bytes).
    Removing stm32f10x_cec.o(i.CEC_EndOfMessageCmd), (12 bytes).
    Removing stm32f10x_cec.o(i.CEC_GetFlagStatus), (48 bytes).
    Removing stm32f10x_cec.o(i.CEC_GetITStatus), (40 bytes).
    Removing stm32f10x_cec.o(i.CEC_ITConfig), (12 bytes).
    Removing stm32f10x_cec.o(i.CEC_Init), (32 bytes).
    Removing stm32f10x_cec.o(i.CEC_OwnAddressConfig), (12 bytes).
    Removing stm32f10x_cec.o(i.CEC_ReceiveDataByte), (12 bytes).
    Removing stm32f10x_cec.o(i.CEC_SendDataByte), (12 bytes).
    Removing stm32f10x_cec.o(i.CEC_SetPrescaler), (12 bytes).
    Removing stm32f10x_cec.o(i.CEC_StartOfMessage), (12 bytes).
    Removing stm32f10x_crc.o(i.CRC_CalcBlockCRC), (36 bytes).
    Removing stm32f10x_crc.o(i.CRC_CalcCRC), (16 bytes).
    Removing stm32f10x_crc.o(i.CRC_GetCRC), (12 bytes).
    Removing stm32f10x_crc.o(i.CRC_GetIDRegister), (12 bytes).
    Removing stm32f10x_crc.o(i.CRC_ResetDR), (12 bytes).
    Removing stm32f10x_crc.o(i.CRC_SetIDRegister), (12 bytes).
    Removing stm32f10x_dac.o(i.DAC_Cmd), (40 bytes).
    Removing stm32f10x_dac.o(i.DAC_DMACmd), (44 bytes).
    Removing stm32f10x_dac.o(i.DAC_DeInit), (22 bytes).
    Removing stm32f10x_dac.o(i.DAC_DualSoftwareTriggerCmd), (36 bytes).
    Removing stm32f10x_dac.o(i.DAC_GetDataOutputValue), (36 bytes).
    Removing stm32f10x_dac.o(i.DAC_Init), (52 bytes).
    Removing stm32f10x_dac.o(i.DAC_SetChannel1Data), (32 bytes).
    Removing stm32f10x_dac.o(i.DAC_SetChannel2Data), (32 bytes).
    Removing stm32f10x_dac.o(i.DAC_SetDualChannelData), (36 bytes).
    Removing stm32f10x_dac.o(i.DAC_SoftwareTriggerCmd), (44 bytes).
    Removing stm32f10x_dac.o(i.DAC_StructInit), (12 bytes).
    Removing stm32f10x_dac.o(i.DAC_WaveGenerationCmd), (40 bytes).
    Removing stm32f10x_dbgmcu.o(i.DBGMCU_Config), (32 bytes).
    Removing stm32f10x_dbgmcu.o(i.DBGMCU_GetDEVID), (16 bytes).
    Removing stm32f10x_dbgmcu.o(i.DBGMCU_GetREVID), (12 bytes).
    Removing stm32f10x_dma.o(i.DMA_ClearFlag), (28 bytes).
    Removing stm32f10x_dma.o(i.DMA_ClearITPendingBit), (28 bytes).
    Removing stm32f10x_dma.o(i.DMA_GetCurrDataCounter), (8 bytes).
    Removing stm32f10x_dma.o(i.DMA_GetFlagStatus), (44 bytes).
    Removing stm32f10x_dma.o(i.DMA_GetITStatus), (44 bytes).
    Removing stm32f10x_dma.o(i.DMA_ITConfig), (18 bytes).
    Removing stm32f10x_dma.o(i.DMA_SetCurrDataCounter), (4 bytes).
    Removing stm32f10x_dma.o(i.DMA_StructInit), (26 bytes).
    Removing stm32f10x_exti.o(i.EXTI_ClearFlag), (12 bytes).
    Removing stm32f10x_exti.o(i.EXTI_DeInit), (36 bytes).
    Removing stm32f10x_exti.o(i.EXTI_GenerateSWInterrupt), (16 bytes).
    Removing stm32f10x_exti.o(i.EXTI_GetFlagStatus), (24 bytes).
    Removing stm32f10x_exti.o(i.EXTI_StructInit), (16 bytes).
    Removing stm32f10x_fsmc.o(i.FSMC_ClearFlag), (64 bytes).
    Removing stm32f10x_fsmc.o(i.FSMC_ClearITPendingBit), (72 bytes).
    Removing stm32f10x_fsmc.o(i.FSMC_GetECC), (28 bytes).
    Removing stm32f10x_fsmc.o(i.FSMC_GetFlagStatus), (56 bytes).
    Removing stm32f10x_fsmc.o(i.FSMC_GetITStatus), (68 bytes).
    Removing stm32f10x_fsmc.o(i.FSMC_ITConfig), (128 bytes).
    Removing stm32f10x_fsmc.o(i.FSMC_NANDCmd), (92 bytes).
    Removing stm32f10x_fsmc.o(i.FSMC_NANDDeInit), (68 bytes).
    Removing stm32f10x_fsmc.o(i.FSMC_NANDECCCmd), (92 bytes).
    Removing stm32f10x_fsmc.o(i.FSMC_NANDInit), (136 bytes).
    Removing stm32f10x_fsmc.o(i.FSMC_NANDStructInit), (54 bytes).
    Removing stm32f10x_fsmc.o(i.FSMC_NORSRAMCmd), (52 bytes).
    Removing stm32f10x_fsmc.o(i.FSMC_NORSRAMDeInit), (54 bytes).
    Removing stm32f10x_fsmc.o(i.FSMC_NORSRAMInit), (230 bytes).
    Removing stm32f10x_fsmc.o(i.FSMC_NORSRAMStructInit), (114 bytes).
    Removing stm32f10x_fsmc.o(i.FSMC_PCCARDCmd), (48 bytes).
    Removing stm32f10x_fsmc.o(i.FSMC_PCCARDDeInit), (40 bytes).
    Removing stm32f10x_fsmc.o(i.FSMC_PCCARDInit), (132 bytes).
    Removing stm32f10x_fsmc.o(i.FSMC_PCCARDStructInit), (60 bytes).
    Removing stm32f10x_i2c.o(i.I2C_ARPCmd), (24 bytes).
    Removing stm32f10x_i2c.o(i.I2C_AcknowledgeConfig), (24 bytes).
    Removing stm32f10x_i2c.o(i.I2C_CalculatePEC), (24 bytes).
    Removing stm32f10x_i2c.o(i.I2C_CheckEvent), (42 bytes).
    Removing stm32f10x_i2c.o(i.I2C_ClearFlag), (12 bytes).
    Removing stm32f10x_i2c.o(i.I2C_ClearITPendingBit), (12 bytes).
    Removing stm32f10x_i2c.o(i.I2C_Cmd), (24 bytes).
    Removing stm32f10x_i2c.o(i.I2C_DMACmd), (24 bytes).
    Removing stm32f10x_i2c.o(i.I2C_DMALastTransferCmd), (24 bytes).
    Removing stm32f10x_i2c.o(i.I2C_DeInit), (56 bytes).
    Removing stm32f10x_i2c.o(i.I2C_DualAddressCmd), (24 bytes).
    Removing stm32f10x_i2c.o(i.I2C_FastModeDutyCycleConfig), (28 bytes).
    Removing stm32f10x_i2c.o(i.I2C_GeneralCallCmd), (24 bytes).
    Removing stm32f10x_i2c.o(i.I2C_GenerateSTART), (24 bytes).
    Removing stm32f10x_i2c.o(i.I2C_GenerateSTOP), (24 bytes).
    Removing stm32f10x_i2c.o(i.I2C_GetFlagStatus), (58 bytes).
    Removing stm32f10x_i2c.o(i.I2C_GetITStatus), (38 bytes).
    Removing stm32f10x_i2c.o(i.I2C_GetLastEvent), (26 bytes).
    Removing stm32f10x_i2c.o(i.I2C_GetPEC), (8 bytes).
    Removing stm32f10x_i2c.o(i.I2C_ITConfig), (18 bytes).
    Removing stm32f10x_i2c.o(i.I2C_Init), (236 bytes).
    Removing stm32f10x_i2c.o(i.I2C_OwnAddress2Config), (22 bytes).
    Removing stm32f10x_i2c.o(i.I2C_PECPositionConfig), (28 bytes).
    Removing stm32f10x_i2c.o(i.I2C_ReadRegister), (22 bytes).
    Removing stm32f10x_i2c.o(i.I2C_ReceiveData), (8 bytes).
    Removing stm32f10x_i2c.o(i.I2C_SMBusAlertConfig), (28 bytes).
    Removing stm32f10x_i2c.o(i.I2C_Send7bitAddress), (18 bytes).
    Removing stm32f10x_i2c.o(i.I2C_SendData), (4 bytes).
    Removing stm32f10x_i2c.o(i.I2C_SoftwareResetCmd), (22 bytes).
    Removing stm32f10x_i2c.o(i.I2C_StretchClockCmd), (24 bytes).
    Removing stm32f10x_i2c.o(i.I2C_StructInit), (30 bytes).
    Removing stm32f10x_i2c.o(i.I2C_TransmitPEC), (24 bytes).
    Removing stm32f10x_iwdg.o(i.IWDG_Enable), (16 bytes).
    Removing stm32f10x_iwdg.o(i.IWDG_GetFlagStatus), (24 bytes).
    Removing stm32f10x_iwdg.o(i.IWDG_ReloadCounter), (16 bytes).
    Removing stm32f10x_iwdg.o(i.IWDG_SetPrescaler), (12 bytes).
    Removing stm32f10x_iwdg.o(i.IWDG_SetReload), (12 bytes).
    Removing stm32f10x_iwdg.o(i.IWDG_WriteAccessCmd), (12 bytes).
    Removing stm32f10x_pwr.o(i.PWR_ClearFlag), (20 bytes).
    Removing stm32f10x_pwr.o(i.PWR_DeInit), (22 bytes).
    Removing stm32f10x_pwr.o(i.PWR_EnterSTANDBYMode), (52 bytes).
    Removing stm32f10x_pwr.o(i.PWR_EnterSTOPMode), (64 bytes).
    Removing stm32f10x_pwr.o(i.PWR_GetFlagStatus), (24 bytes).
    Removing stm32f10x_pwr.o(i.PWR_PVDCmd), (12 bytes).
    Removing stm32f10x_pwr.o(i.PWR_PVDLevelConfig), (24 bytes).
    Removing stm32f10x_pwr.o(i.PWR_WakeUpPinCmd), (12 bytes).
    Removing stm32f10x_rtc.o(i.RTC_ClearFlag), (16 bytes).
    Removing stm32f10x_rtc.o(i.RTC_ClearITPendingBit), (16 bytes).
    Removing stm32f10x_rtc.o(i.RTC_EnterConfigMode), (20 bytes).
    Removing stm32f10x_rtc.o(i.RTC_ExitConfigMode), (20 bytes).
    Removing stm32f10x_rtc.o(i.RTC_GetCounter), (20 bytes).
    Removing stm32f10x_rtc.o(i.RTC_GetDivider), (24 bytes).
    Removing stm32f10x_rtc.o(i.RTC_GetFlagStatus), (24 bytes).
    Removing stm32f10x_rtc.o(i.RTC_GetITStatus), (36 bytes).
    Removing stm32f10x_rtc.o(i.RTC_ITConfig), (32 bytes).
    Removing stm32f10x_rtc.o(i.RTC_SetAlarm), (28 bytes).
    Removing stm32f10x_rtc.o(i.RTC_SetCounter), (28 bytes).
    Removing stm32f10x_rtc.o(i.RTC_SetPrescaler), (32 bytes).
    Removing stm32f10x_rtc.o(i.RTC_WaitForLastTask), (20 bytes).
    Removing stm32f10x_rtc.o(i.RTC_WaitForSynchro), (36 bytes).
    Removing stm32f10x_sdio.o(i.SDIO_CEATAITCmd), (16 bytes).
    Removing stm32f10x_sdio.o(i.SDIO_ClearFlag), (12 bytes).
    Removing stm32f10x_sdio.o(i.SDIO_ClearITPendingBit), (12 bytes).
    Removing stm32f10x_sdio.o(i.SDIO_ClockCmd), (12 bytes).
    Removing stm32f10x_sdio.o(i.SDIO_CmdStructInit), (14 bytes).
    Removing stm32f10x_sdio.o(i.SDIO_CommandCompletionCmd), (12 bytes).
    Removing stm32f10x_sdio.o(i.SDIO_DMACmd), (12 bytes).
    Removing stm32f10x_sdio.o(i.SDIO_DataConfig), (48 bytes).
    Removing stm32f10x_sdio.o(i.SDIO_DataStructInit), (20 bytes).
    Removing stm32f10x_sdio.o(i.SDIO_DeInit), (36 bytes).
    Removing stm32f10x_sdio.o(i.SDIO_GetCommandResponse), (12 bytes).
    Removing stm32f10x_sdio.o(i.SDIO_GetDataCounter), (12 bytes).
    Removing stm32f10x_sdio.o(i.SDIO_GetFIFOCount), (12 bytes).
    Removing stm32f10x_sdio.o(i.SDIO_GetFlagStatus), (24 bytes).
    Removing stm32f10x_sdio.o(i.SDIO_GetITStatus), (24 bytes).
    Removing stm32f10x_sdio.o(i.SDIO_GetPowerState), (16 bytes).
    Removing stm32f10x_sdio.o(i.SDIO_GetResponse), (24 bytes).
    Removing stm32f10x_sdio.o(i.SDIO_ITConfig), (32 bytes).
    Removing stm32f10x_sdio.o(i.SDIO_Init), (48 bytes).
    Removing stm32f10x_sdio.o(i.SDIO_ReadData), (12 bytes).
    Removing stm32f10x_sdio.o(i.SDIO_SendCEATACmd), (12 bytes).
    Removing stm32f10x_sdio.o(i.SDIO_SendCommand), (44 bytes).
    Removing stm32f10x_sdio.o(i.SDIO_SendSDIOSuspendCmd), (12 bytes).
    Removing stm32f10x_sdio.o(i.SDIO_SetPowerState), (28 bytes).
    Removing stm32f10x_sdio.o(i.SDIO_SetSDIOOperation), (12 bytes).
    Removing stm32f10x_sdio.o(i.SDIO_SetSDIOReadWaitMode), (12 bytes).
    Removing stm32f10x_sdio.o(i.SDIO_StartSDIOReadWait), (12 bytes).
    Removing stm32f10x_sdio.o(i.SDIO_StopSDIOReadWait), (12 bytes).
    Removing stm32f10x_sdio.o(i.SDIO_StructInit), (16 bytes).
    Removing stm32f10x_sdio.o(i.SDIO_WriteData), (12 bytes).
    Removing stm32f10x_spi.o(i.I2S_Cmd), (24 bytes).
    Removing stm32f10x_spi.o(i.I2S_Init), (232 bytes).
    Removing stm32f10x_spi.o(i.I2S_StructInit), (20 bytes).
    Removing stm32f10x_spi.o(i.SPI_BiDirectionalLineConfig), (28 bytes).
    Removing stm32f10x_spi.o(i.SPI_CalculateCRC), (24 bytes).
    Removing stm32f10x_spi.o(i.SPI_DataSizeConfig), (18 bytes).
    Removing stm32f10x_spi.o(i.SPI_GetCRC), (16 bytes).
    Removing stm32f10x_spi.o(i.SPI_GetCRCPolynomial), (6 bytes).
    Removing stm32f10x_spi.o(i.SPI_I2S_ClearFlag), (6 bytes).
    Removing stm32f10x_spi.o(i.SPI_I2S_ClearITPendingBit), (20 bytes).
    Removing stm32f10x_spi.o(i.SPI_I2S_DMACmd), (18 bytes).
    Removing stm32f10x_spi.o(i.SPI_I2S_DeInit), (88 bytes).
    Removing stm32f10x_spi.o(i.SPI_I2S_GetITStatus), (52 bytes).
    Removing stm32f10x_spi.o(i.SPI_I2S_ITConfig), (32 bytes).
    Removing stm32f10x_spi.o(i.SPI_NSSInternalSoftwareConfig), (30 bytes).
    Removing stm32f10x_spi.o(i.SPI_SSOutputCmd), (24 bytes).
    Removing stm32f10x_spi.o(i.SPI_StructInit), (24 bytes).
    Removing stm32f10x_spi.o(i.SPI_TransmitCRC), (10 bytes).
    Removing stm32f10x_tim.o(i.TI1_Config), (128 bytes).
    Removing stm32f10x_tim.o(i.TI2_Config), (152 bytes).
    Removing stm32f10x_tim.o(i.TI3_Config), (144 bytes).
    Removing stm32f10x_tim.o(i.TI4_Config), (152 bytes).
    Removing stm32f10x_tim.o(i.TIM_ARRPreloadConfig), (24 bytes).
    Removing stm32f10x_tim.o(i.TIM_BDTRConfig), (32 bytes).
    Removing stm32f10x_tim.o(i.TIM_BDTRStructInit), (18 bytes).
    Removing stm32f10x_tim.o(i.TIM_CCPreloadControl), (24 bytes).
    Removing stm32f10x_tim.o(i.TIM_CCxCmd), (30 bytes).
    Removing stm32f10x_tim.o(i.TIM_CCxNCmd), (30 bytes).
    Removing stm32f10x_tim.o(i.TIM_ClearITPendingBit), (6 bytes).
    Removing stm32f10x_tim.o(i.TIM_ClearOC1Ref), (18 bytes).
    Removing stm32f10x_tim.o(i.TIM_ClearOC2Ref), (24 bytes).
    Removing stm32f10x_tim.o(i.TIM_ClearOC3Ref), (18 bytes).
    Removing stm32f10x_tim.o(i.TIM_ClearOC4Ref), (24 bytes).
    Removing stm32f10x_tim.o(i.TIM_CounterModeConfig), (18 bytes).
    Removing stm32f10x_tim.o(i.TIM_CtrlPWMOutputs), (30 bytes).
    Removing stm32f10x_tim.o(i.TIM_DMACmd), (18 bytes).
    Removing stm32f10x_tim.o(i.TIM_DMAConfig), (10 bytes).
    Removing stm32f10x_tim.o(i.TIM_ETRClockMode1Config), (54 bytes).
    Removing stm32f10x_tim.o(i.TIM_ETRClockMode2Config), (32 bytes).
    Removing stm32f10x_tim.o(i.TIM_ETRConfig), (28 bytes).
    Removing stm32f10x_tim.o(i.TIM_EncoderInterfaceConfig), (66 bytes).
    Removing stm32f10x_tim.o(i.TIM_ForcedOC1Config), (18 bytes).
    Removing stm32f10x_tim.o(i.TIM_ForcedOC2Config), (26 bytes).
    Removing stm32f10x_tim.o(i.TIM_ForcedOC3Config), (18 bytes).
    Removing stm32f10x_tim.o(i.TIM_ForcedOC4Config), (26 bytes).
    Removing stm32f10x_tim.o(i.TIM_GenerateEvent), (4 bytes).
    Removing stm32f10x_tim.o(i.TIM_GetCapture1), (6 bytes).
    Removing stm32f10x_tim.o(i.TIM_GetCapture2), (6 bytes).
    Removing stm32f10x_tim.o(i.TIM_GetCapture3), (6 bytes).
    Removing stm32f10x_tim.o(i.TIM_GetCapture4), (8 bytes).
    Removing stm32f10x_tim.o(i.TIM_GetCounter), (6 bytes).
    Removing stm32f10x_tim.o(i.TIM_GetFlagStatus), (18 bytes).
    Removing stm32f10x_tim.o(i.TIM_GetITStatus), (34 bytes).
    Removing stm32f10x_tim.o(i.TIM_GetPrescaler), (6 bytes).
    Removing stm32f10x_tim.o(i.TIM_ICInit), (172 bytes).
    Removing stm32f10x_tim.o(i.TIM_ICStructInit), (18 bytes).
    Removing stm32f10x_tim.o(i.TIM_ITRxExternalClockConfig), (24 bytes).
    Removing stm32f10x_tim.o(i.TIM_InternalClockConfig), (12 bytes).
    Removing stm32f10x_tim.o(i.TIM_OC1FastConfig), (18 bytes).
    Removing stm32f10x_tim.o(i.TIM_OC1Init), (152 bytes).
    Removing stm32f10x_tim.o(i.TIM_OC1NPolarityConfig), (18 bytes).
    Removing stm32f10x_tim.o(i.TIM_OC1PolarityConfig), (18 bytes).
    Removing stm32f10x_tim.o(i.TIM_OC1PreloadConfig), (18 bytes).
    Removing stm32f10x_tim.o(i.TIM_OC2FastConfig), (26 bytes).
    Removing stm32f10x_tim.o(i.TIM_OC2Init), (164 bytes).
    Removing stm32f10x_tim.o(i.TIM_OC2NPolarityConfig), (26 bytes).
    Removing stm32f10x_tim.o(i.TIM_OC2PolarityConfig), (26 bytes).
    Removing stm32f10x_tim.o(i.TIM_OC2PreloadConfig), (26 bytes).
    Removing stm32f10x_tim.o(i.TIM_OC3FastConfig), (18 bytes).
    Removing stm32f10x_tim.o(i.TIM_OC3Init), (160 bytes).
    Removing stm32f10x_tim.o(i.TIM_OC3NPolarityConfig), (26 bytes).
    Removing stm32f10x_tim.o(i.TIM_OC3PolarityConfig), (26 bytes).
    Removing stm32f10x_tim.o(i.TIM_OC3PreloadConfig), (18 bytes).
    Removing stm32f10x_tim.o(i.TIM_OC4FastConfig), (26 bytes).
    Removing stm32f10x_tim.o(i.TIM_OC4Init), (124 bytes).
    Removing stm32f10x_tim.o(i.TIM_OC4PolarityConfig), (26 bytes).
    Removing stm32f10x_tim.o(i.TIM_OC4PreloadConfig), (26 bytes).
    Removing stm32f10x_tim.o(i.TIM_OCStructInit), (20 bytes).
    Removing stm32f10x_tim.o(i.TIM_PWMIConfig), (124 bytes).
    Removing stm32f10x_tim.o(i.TIM_PrescalerConfig), (6 bytes).
    Removing stm32f10x_tim.o(i.TIM_SelectCCDMA), (24 bytes).
    Removing stm32f10x_tim.o(i.TIM_SelectCOM), (24 bytes).
    Removing stm32f10x_tim.o(i.TIM_SelectHallSensor), (24 bytes).
    Removing stm32f10x_tim.o(i.TIM_SelectInputTrigger), (18 bytes).
    Removing stm32f10x_tim.o(i.TIM_SelectMasterSlaveMode), (18 bytes).
    Removing stm32f10x_tim.o(i.TIM_SelectOCxM), (82 bytes).
    Removing stm32f10x_tim.o(i.TIM_SelectOnePulseMode), (18 bytes).
    Removing stm32f10x_tim.o(i.TIM_SelectOutputTrigger), (18 bytes).
    Removing stm32f10x_tim.o(i.TIM_SelectSlaveMode), (18 bytes).
    Removing stm32f10x_tim.o(i.TIM_SetAutoreload), (4 bytes).
    Removing stm32f10x_tim.o(i.TIM_SetClockDivision), (18 bytes).
    Removing stm32f10x_tim.o(i.TIM_SetCompare1), (4 bytes).
    Removing stm32f10x_tim.o(i.TIM_SetCompare2), (4 bytes).
    Removing stm32f10x_tim.o(i.TIM_SetCompare3), (4 bytes).
    Removing stm32f10x_tim.o(i.TIM_SetCompare4), (6 bytes).
    Removing stm32f10x_tim.o(i.TIM_SetCounter), (4 bytes).
    Removing stm32f10x_tim.o(i.TIM_SetIC1Prescaler), (18 bytes).
    Removing stm32f10x_tim.o(i.TIM_SetIC2Prescaler), (26 bytes).
    Removing stm32f10x_tim.o(i.TIM_SetIC3Prescaler), (18 bytes).
    Removing stm32f10x_tim.o(i.TIM_SetIC4Prescaler), (26 bytes).
    Removing stm32f10x_tim.o(i.TIM_TIxExternalClockConfig), (62 bytes).
    Removing stm32f10x_tim.o(i.TIM_TimeBaseStructInit), (18 bytes).
    Removing stm32f10x_tim.o(i.TIM_UpdateDisableConfig), (24 bytes).
    Removing stm32f10x_tim.o(i.TIM_UpdateRequestConfig), (24 bytes).
    Removing stm32f10x_usart.o(i.USART_ClearFlag), (18 bytes).
    Removing stm32f10x_usart.o(i.USART_ClearITPendingBit), (30 bytes).
    Removing stm32f10x_usart.o(i.USART_ClockInit), (34 bytes).
    Removing stm32f10x_usart.o(i.USART_ClockStructInit), (12 bytes).
    Removing stm32f10x_usart.o(i.USART_DMACmd), (18 bytes).
    Removing stm32f10x_usart.o(i.USART_DeInit), (156 bytes).
    Removing stm32f10x_usart.o(i.USART_GetITStatus), (84 bytes).
    Removing stm32f10x_usart.o(i.USART_HalfDuplexCmd), (24 bytes).
    Removing stm32f10x_usart.o(i.USART_IrDACmd), (24 bytes).
    Removing stm32f10x_usart.o(i.USART_IrDAConfig), (18 bytes).
    Removing stm32f10x_usart.o(i.USART_LINBreakDetectLengthConfig), (18 bytes).
    Removing stm32f10x_usart.o(i.USART_LINCmd), (24 bytes).
    Removing stm32f10x_usart.o(i.USART_OneBitMethodCmd), (24 bytes).
    Removing stm32f10x_usart.o(i.USART_OverSampling8Cmd), (22 bytes).
    Removing stm32f10x_usart.o(i.USART_ReceiverWakeUpCmd), (24 bytes).
    Removing stm32f10x_usart.o(i.USART_SendBreak), (10 bytes).
    Removing stm32f10x_usart.o(i.USART_SetAddress), (18 bytes).
    Removing stm32f10x_usart.o(i.USART_SetGuardTime), (16 bytes).
    Removing stm32f10x_usart.o(i.USART_SetPrescaler), (16 bytes).
    Removing stm32f10x_usart.o(i.USART_SmartCardCmd), (24 bytes).
    Removing stm32f10x_usart.o(i.USART_SmartCardNACKCmd), (24 bytes).
    Removing stm32f10x_usart.o(i.USART_StructInit), (24 bytes).
    Removing stm32f10x_usart.o(i.USART_WakeUpConfig), (18 bytes).
    Removing stm32f10x_wwdg.o(i.WWDG_ClearFlag), (12 bytes).
    Removing stm32f10x_wwdg.o(i.WWDG_DeInit), (22 bytes).
    Removing stm32f10x_wwdg.o(i.WWDG_Enable), (16 bytes).
    Removing stm32f10x_wwdg.o(i.WWDG_EnableIT), (12 bytes).
    Removing stm32f10x_wwdg.o(i.WWDG_GetFlagStatus), (12 bytes).
    Removing stm32f10x_wwdg.o(i.WWDG_SetCounter), (16 bytes).
    Removing stm32f10x_wwdg.o(i.WWDG_SetPrescaler), (24 bytes).
    Removing stm32f10x_wwdg.o(i.WWDG_SetWindowValue), (40 bytes).
    Removing core_cm3.o(.emb_text), (32 bytes).
    Removing system_stm32f10x.o(i.SystemCoreClockUpdate), (164 bytes).
    Removing system_stm32f10x.o(.data), (20 bytes).
    Removing startup_stm32f10x_hd.o(HEAP), (512 bytes).

460 unused section(s) (total 19458 bytes) removed from the image.

==============================================================================

Image Symbol Table

    Local Symbols

    Symbol Name                              Value     Ov Type        Size  Object(Section)

    ../clib/microlib/init/entry.s            0x00000000   Number         0  entry.o ABSOLUTE
    ../clib/microlib/init/entry.s            0x00000000   Number         0  entry10b.o ABSOLUTE
    ../clib/microlib/init/entry.s            0x00000000   Number         0  entry11a.o ABSOLUTE
    ../clib/microlib/init/entry.s            0x00000000   Number         0  entry5.o ABSOLUTE
    ../clib/microlib/init/entry.s            0x00000000   Number         0  entry9a.o ABSOLUTE
    ../clib/microlib/init/entry.s            0x00000000   Number         0  entry8b.o ABSOLUTE
    ../clib/microlib/init/entry.s            0x00000000   Number         0  entry11b.o ABSOLUTE
    ../clib/microlib/init/entry.s            0x00000000   Number         0  entry7b.o ABSOLUTE
    ../clib/microlib/init/entry.s            0x00000000   Number         0  entry2.o ABSOLUTE
    ../clib/microlib/init/entry.s            0x00000000   Number         0  entry7a.o ABSOLUTE
    ../clib/microlib/init/entry.s            0x00000000   Number         0  entry8a.o ABSOLUTE
    ../clib/microlib/init/entry.s            0x00000000   Number         0  entry10a.o ABSOLUTE
    ../clib/microlib/init/entry.s            0x00000000   Number         0  entry9b.o ABSOLUTE
    ../clib/microlib/stubs.s                 0x00000000   Number         0  iusefp.o ABSOLUTE
    ../fplib/microlib/fpdiv.c                0x00000000   Number         0  fdiv.o ABSOLUTE
    ../fplib/microlib/fpepilogue.c           0x00000000   Number         0  fepilogue.o ABSOLUTE
    ../fplib/microlib/fpfix.c                0x00000000   Number         0  ffixui.o ABSOLUTE
    ../fplib/microlib/fpflt.c                0x00000000   Number         0  ffltui.o ABSOLUTE
    ../fplib/microlib/fpmul.c                0x00000000   Number         0  fmul.o ABSOLUTE
    ..\Libraries\CMSIS\CM3\CoreSupport\core_cm3.c 0x00000000   Number         0  core_cm3.o ABSOLUTE
    ..\Libraries\CMSIS\CM3\DeviceSupport\ST\STM32F10x\startup\arm\startup_stm32f10x_hd.s 0x00000000   Number         0  startup_stm32f10x_hd.o ABSOLUTE
    ..\Libraries\STM32F10x_StdPeriph_Driver\src\misc.c 0x00000000   Number         0  misc.o ABSOLUTE
    ..\Libraries\STM32F10x_StdPeriph_Driver\src\stm32f10x_adc.c 0x00000000   Number         0  stm32f10x_adc.o ABSOLUTE
    ..\Libraries\STM32F10x_StdPeriph_Driver\src\stm32f10x_bkp.c 0x00000000   Number         0  stm32f10x_bkp.o ABSOLUTE
    ..\Libraries\STM32F10x_StdPeriph_Driver\src\stm32f10x_can.c 0x00000000   Number         0  stm32f10x_can.o ABSOLUTE
    ..\Libraries\STM32F10x_StdPeriph_Driver\src\stm32f10x_cec.c 0x00000000   Number         0  stm32f10x_cec.o ABSOLUTE
    ..\Libraries\STM32F10x_StdPeriph_Driver\src\stm32f10x_crc.c 0x00000000   Number         0  stm32f10x_crc.o ABSOLUTE
    ..\Libraries\STM32F10x_StdPeriph_Driver\src\stm32f10x_dac.c 0x00000000   Number         0  stm32f10x_dac.o ABSOLUTE
    ..\Libraries\STM32F10x_StdPeriph_Driver\src\stm32f10x_dbgmcu.c 0x00000000   Number         0  stm32f10x_dbgmcu.o ABSOLUTE
    ..\Libraries\STM32F10x_StdPeriph_Driver\src\stm32f10x_dma.c 0x00000000   Number         0  stm32f10x_dma.o ABSOLUTE
    ..\Libraries\STM32F10x_StdPeriph_Driver\src\stm32f10x_exti.c 0x00000000   Number         0  stm32f10x_exti.o ABSOLUTE
    ..\Libraries\STM32F10x_StdPeriph_Driver\src\stm32f10x_flash.c 0x00000000   Number         0  stm32f10x_flash.o ABSOLUTE
    ..\Libraries\STM32F10x_StdPeriph_Driver\src\stm32f10x_fsmc.c 0x00000000   Number         0  stm32f10x_fsmc.o ABSOLUTE
    ..\Libraries\STM32F10x_StdPeriph_Driver\src\stm32f10x_gpio.c 0x00000000   Number         0  stm32f10x_gpio.o ABSOLUTE
    ..\Libraries\STM32F10x_StdPeriph_Driver\src\stm32f10x_i2c.c 0x00000000   Number         0  stm32f10x_i2c.o ABSOLUTE
    ..\Libraries\STM32F10x_StdPeriph_Driver\src\stm32f10x_iwdg.c 0x00000000   Number         0  stm32f10x_iwdg.o ABSOLUTE
    ..\Libraries\STM32F10x_StdPeriph_Driver\src\stm32f10x_pwr.c 0x00000000   Number         0  stm32f10x_pwr.o ABSOLUTE
    ..\Libraries\STM32F10x_StdPeriph_Driver\src\stm32f10x_rcc.c 0x00000000   Number         0  stm32f10x_rcc.o ABSOLUTE
    ..\Libraries\STM32F10x_StdPeriph_Driver\src\stm32f10x_rtc.c 0x00000000   Number         0  stm32f10x_rtc.o ABSOLUTE
    ..\Libraries\STM32F10x_StdPeriph_Driver\src\stm32f10x_sdio.c 0x00000000   Number         0  stm32f10x_sdio.o ABSOLUTE
    ..\Libraries\STM32F10x_StdPeriph_Driver\src\stm32f10x_spi.c 0x00000000   Number         0  stm32f10x_spi.o ABSOLUTE
    ..\Libraries\STM32F10x_StdPeriph_Driver\src\stm32f10x_tim.c 0x00000000   Number         0  stm32f10x_tim.o ABSOLUTE
    ..\Libraries\STM32F10x_StdPeriph_Driver\src\stm32f10x_usart.c 0x00000000   Number         0  stm32f10x_usart.o ABSOLUTE
    ..\Libraries\STM32F10x_StdPeriph_Driver\src\stm32f10x_wwdg.c 0x00000000   Number         0  stm32f10x_wwdg.o ABSOLUTE
    ..\USER\main.c                           0x00000000   Number         0  main.o ABSOLUTE
    ..\USER\stm32f10x_it.c                   0x00000000   Number         0  stm32f10x_it.o ABSOLUTE
    ..\USER\sys.c                            0x00000000   Number         0  sys.o ABSOLUTE
    ..\USER\system_stm32f10x.c               0x00000000   Number         0  system_stm32f10x.o ABSOLUTE
    ..\USER\usart.c                          0x00000000   Number         0  usart.o ABSOLUTE
    ..\\Libraries\\CMSIS\\CM3\\CoreSupport\\core_cm3.c 0x00000000   Number         0  core_cm3.o ABSOLUTE
    adc.c                                    0x00000000   Number         0  adc.o ABSOLUTE
    dc.s                                     0x00000000   Number         0  dc.o ABSOLUTE
    delay.c                                  0x00000000   Number         0  delay.o ABSOLUTE
    filter.c                                 0x00000000   Number         0  filter.o ABSOLUTE
    handlers.s                               0x00000000   Number         0  handlers.o ABSOLUTE
    init.s                                   0x00000000   Number         0  init.o ABSOLUTE
    led_key.c                                0x00000000   Number         0  led_key.o ABSOLUTE
    maths.c                                  0x00000000   Number         0  maths.o ABSOLUTE
    nrf24L01.c                               0x00000000   Number         0  nrf24l01.o ABSOLUTE
    protocol.c                               0x00000000   Number         0  protocol.o ABSOLUTE
    spi.c                                    0x00000000   Number         0  spi.o ABSOLUTE
    struct_all.c                             0x00000000   Number         0  struct_all.o ABSOLUTE
    tasks.c                                  0x00000000   Number         0  tasks.o ABSOLUTE
    timer3.c                                 0x00000000   Number         0  timer3.o ABSOLUTE
    RESET                                    0x08000000   Section      304  startup_stm32f10x_hd.o(RESET)
    .ARM.Collect$$$$00000000                 0x08000130   Section        0  entry.o(.ARM.Collect$$$$00000000)
    .ARM.Collect$$$$00000001                 0x08000130   Section        4  entry2.o(.ARM.Collect$$$$00000001)
    .ARM.Collect$$$$00000004                 0x08000134   Section        4  entry5.o(.ARM.Collect$$$$00000004)
    .ARM.Collect$$$$00000008                 0x08000138   Section        0  entry7b.o(.ARM.Collect$$$$00000008)
    .ARM.Collect$$$$0000000A                 0x08000138   Section        0  entry8b.o(.ARM.Collect$$$$0000000A)
    .ARM.Collect$$$$0000000B                 0x08000138   Section        8  entry9a.o(.ARM.Collect$$$$0000000B)
    .ARM.Collect$$$$0000000D                 0x08000140   Section        0  entry10a.o(.ARM.Collect$$$$0000000D)
    .ARM.Collect$$$$0000000F                 0x08000140   Section        0  entry11a.o(.ARM.Collect$$$$0000000F)
    .ARM.Collect$$$$00002712                 0x08000140   Section        4  entry2.o(.ARM.Collect$$$$00002712)
    __lit__00000000                          0x08000140   Data           4  entry2.o(.ARM.Collect$$$$00002712)
    .text                                    0x08000144   Section       36  startup_stm32f10x_hd.o(.text)
    .text                                    0x08000168   Section        0  fmul.o(.text)
    .text                                    0x080001cc   Section        0  fdiv.o(.text)
    .text                                    0x08000248   Section        0  ffltui.o(.text)
    .text                                    0x08000252   Section        0  ffixui.o(.text)
    .text                                    0x0800027a   Section        0  fepilogue.o(.text)
    .text                                    0x0800027a   Section        0  iusefp.o(.text)
    .text                                    0x080002e8   Section       36  init.o(.text)
    i.ADC1_GPIO_Config                       0x0800030c   Section        0  adc.o(i.ADC1_GPIO_Config)
    ADC1_GPIO_Config                         0x0800030d   Thumb Code    82  adc.o(i.ADC1_GPIO_Config)
    i.ADC1_Init                              0x08000368   Section        0  adc.o(i.ADC1_Init)
    i.ADC1_Mode_Config                       0x08000374   Section        0  adc.o(i.ADC1_Mode_Config)
    ADC1_Mode_Config                         0x08000375   Thumb Code   286  adc.o(i.ADC1_Mode_Config)
    i.ADC_Cmd                                0x080004a0   Section        0  stm32f10x_adc.o(i.ADC_Cmd)
    i.ADC_DMACmd                             0x080004b6   Section        0  stm32f10x_adc.o(i.ADC_DMACmd)
    i.ADC_DeInit                             0x080004cc   Section        0  stm32f10x_adc.o(i.ADC_DeInit)
    i.ADC_GetCalibrationStatus               0x08000528   Section        0  stm32f10x_adc.o(i.ADC_GetCalibrationStatus)
    i.ADC_GetResetCalibrationStatus          0x0800053c   Section        0  stm32f10x_adc.o(i.ADC_GetResetCalibrationStatus)
    i.ADC_Init                               0x08000550   Section        0  stm32f10x_adc.o(i.ADC_Init)
    i.ADC_RegularChannelConfig               0x080005a0   Section        0  stm32f10x_adc.o(i.ADC_RegularChannelConfig)
    i.ADC_ResetCalibration                   0x08000658   Section        0  stm32f10x_adc.o(i.ADC_ResetCalibration)
    i.ADC_SoftwareStartConvCmd               0x08000662   Section        0  stm32f10x_adc.o(i.ADC_SoftwareStartConvCmd)
    i.ADC_StartCalibration                   0x08000678   Section        0  stm32f10x_adc.o(i.ADC_StartCalibration)
    i.ADC_TempSensorVrefintCmd               0x08000684   Section        0  stm32f10x_adc.o(i.ADC_TempSensorVrefintCmd)
    i.BKP_TamperPinCmd                       0x080006a8   Section        0  stm32f10x_bkp.o(i.BKP_TamperPinCmd)
    i.BSP_Int                                0x080006b4   Section        0  tasks.o(i.BSP_Int)
    i.BusFault_Handler                       0x080007c4   Section        0  stm32f10x_it.o(i.BusFault_Handler)
    i.DMA_Cmd                                0x080007c8   Section        0  stm32f10x_dma.o(i.DMA_Cmd)
    i.DMA_DeInit                             0x080007e0   Section        0  stm32f10x_dma.o(i.DMA_DeInit)
    i.DMA_Init                               0x0800092c   Section        0  stm32f10x_dma.o(i.DMA_Init)
    i.DebugMon_Handler                       0x08000968   Section        0  stm32f10x_it.o(i.DebugMon_Handler)
    i.Delay_led                              0x0800096a   Section        0  led_key.o(i.Delay_led)
    Delay_led                                0x0800096b   Thumb Code    30  led_key.o(i.Delay_led)
    i.Do_Offset                              0x08000988   Section        0  led_key.o(i.Do_Offset)
    i.EXTI15_10_IRQHandler                   0x08000b24   Section        0  stm32f10x_it.o(i.EXTI15_10_IRQHandler)
    i.EXTI9_5_IRQHandler                     0x08000c1c   Section        0  stm32f10x_it.o(i.EXTI9_5_IRQHandler)
    i.EXTI_ClearITPendingBit                 0x08000c70   Section        0  stm32f10x_exti.o(i.EXTI_ClearITPendingBit)
    i.EXTI_GetITStatus                       0x08000c7c   Section        0  stm32f10x_exti.o(i.EXTI_GetITStatus)
    i.EXTI_Init                              0x08000ca4   Section        0  stm32f10x_exti.o(i.EXTI_Init)
    i.GPIO_EXTILineConfig                    0x08000d38   Section        0  stm32f10x_gpio.o(i.GPIO_EXTILineConfig)
    i.GPIO_Init                              0x08000d78   Section        0  stm32f10x_gpio.o(i.GPIO_Init)
    i.GPIO_PinRemapConfig                    0x08000e90   Section        0  stm32f10x_gpio.o(i.GPIO_PinRemapConfig)
    i.Get_Checksum                           0x08000f20   Section        0  maths.o(i.Get_Checksum)
    i.HardFault_Handler                      0x08000f3e   Section        0  stm32f10x_it.o(i.HardFault_Handler)
    i.LED3_ON_Frequency                      0x08000f44   Section        0  led_key.o(i.LED3_ON_Frequency)
    i.LED_KEY_Init                           0x08000fd8   Section        0  led_key.o(i.LED_KEY_Init)
    i.LED_ON_OFF                             0x080010fc   Section        0  led_key.o(i.LED_ON_OFF)
    i.LED_Show                               0x08001158   Section        0  led_key.o(i.LED_Show)
    i.MemManage_Handler                      0x080011bc   Section        0  stm32f10x_it.o(i.MemManage_Handler)
    i.NMI_Handler                            0x080011c0   Section        0  stm32f10x_it.o(i.NMI_Handler)
    i.NRF24L01_Analyse                       0x080011c4   Section        0  nrf24l01.o(i.NRF24L01_Analyse)
    NRF24L01_Analyse                         0x080011c5   Thumb Code    80  nrf24l01.o(i.NRF24L01_Analyse)
    i.NRF24L01_Check                         0x0800121c   Section        0  nrf24l01.o(i.NRF24L01_Check)
    i.NRF24L01_IO_Init                       0x0800127c   Section        0  nrf24l01.o(i.NRF24L01_IO_Init)
    i.NRF24L01_IRQ                           0x08001320   Section        0  nrf24l01.o(i.NRF24L01_IRQ)
    i.NRF24L01_RX_Mode                       0x08001384   Section        0  nrf24l01.o(i.NRF24L01_RX_Mode)
    i.NRF24L01_Read_Buf                      0x080013dc   Section        0  nrf24l01.o(i.NRF24L01_Read_Buf)
    i.NRF24L01_Read_Reg                      0x08001418   Section        0  nrf24l01.o(i.NRF24L01_Read_Reg)
    i.NRF24L01_TX_Mode                       0x08001444   Section        0  nrf24l01.o(i.NRF24L01_TX_Mode)
    i.NRF24L01_Write_Buf                     0x080014ac   Section        0  nrf24l01.o(i.NRF24L01_Write_Buf)
    i.NRF24L01_Write_Reg                     0x080014e8   Section        0  nrf24l01.o(i.NRF24L01_Write_Reg)
    i.NRF_Send_TX                            0x08001518   Section        0  nrf24l01.o(i.NRF_Send_TX)
    i.NVIC_Init                              0x08001544   Section        0  misc.o(i.NVIC_Init)
    i.NVIC_PriorityGroupConfig               0x080015b4   Section        0  misc.o(i.NVIC_PriorityGroupConfig)
    i.Nrf_Connect                            0x080015c8   Section        0  nrf24l01.o(i.Nrf_Connect)
    i.Nvic_Init                              0x0800161c   Section        0  tasks.o(i.Nvic_Init)
    Nvic_Init                                0x0800161d   Thumb Code   100  tasks.o(i.Nvic_Init)
    i.PWR_BackupAccessCmd                    0x08001680   Section        0  stm32f10x_pwr.o(i.PWR_BackupAccessCmd)
    i.PendSV_Handler                         0x0800168c   Section        0  stm32f10x_it.o(i.PendSV_Handler)
    i.PrintHexU8                             0x08001690   Section        0  usart.o(i.PrintHexU8)
    i.PrintString                            0x080016c0   Section        0  usart.o(i.PrintString)
    i.Print_MSP_RC                           0x080016d8   Section        0  protocol.o(i.Print_MSP_RC)
    i.RCC_ADCCLKConfig                       0x0800180c   Section        0  stm32f10x_rcc.o(i.RCC_ADCCLKConfig)
    i.RCC_AHBPeriphClockCmd                  0x08001824   Section        0  stm32f10x_rcc.o(i.RCC_AHBPeriphClockCmd)
    i.RCC_APB1PeriphClockCmd                 0x08001844   Section        0  stm32f10x_rcc.o(i.RCC_APB1PeriphClockCmd)
    i.RCC_APB1PeriphResetCmd                 0x08001864   Section        0  stm32f10x_rcc.o(i.RCC_APB1PeriphResetCmd)
    i.RCC_APB2PeriphClockCmd                 0x08001884   Section        0  stm32f10x_rcc.o(i.RCC_APB2PeriphClockCmd)
    i.RCC_APB2PeriphResetCmd                 0x080018a4   Section        0  stm32f10x_rcc.o(i.RCC_APB2PeriphResetCmd)
    i.RCC_GetClocksFreq                      0x080018c4   Section        0  stm32f10x_rcc.o(i.RCC_GetClocksFreq)
    i.RCC_LSEConfig                          0x08001998   Section        0  stm32f10x_rcc.o(i.RCC_LSEConfig)
    i.RC_Limit                               0x080019cc   Section        0  filter.o(i.RC_Limit)
    i.Rc_Filter                              0x08001acc   Section        0  filter.o(i.Rc_Filter)
    i.SPI1_RW                                0x08001c90   Section        0  spi.o(i.SPI1_RW)
    i.SPI1_SetSpeed                          0x08001cc8   Section        0  spi.o(i.SPI1_SetSpeed)
    i.SPI_Cmd                                0x08001cf0   Section        0  stm32f10x_spi.o(i.SPI_Cmd)
    i.SPI_GPIO_Init                          0x08001d08   Section        0  spi.o(i.SPI_GPIO_Init)
    i.SPI_I2S_GetFlagStatus                  0x08001d88   Section        0  stm32f10x_spi.o(i.SPI_I2S_GetFlagStatus)
    i.SPI_I2S_ReceiveData                    0x08001d9a   Section        0  stm32f10x_spi.o(i.SPI_I2S_ReceiveData)
    i.SPI_I2S_SendData                       0x08001da0   Section        0  stm32f10x_spi.o(i.SPI_I2S_SendData)
    i.SPI_Init                               0x08001da4   Section        0  stm32f10x_spi.o(i.SPI_Init)
    i.SVC_Handler                            0x08001de0   Section        0  stm32f10x_it.o(i.SVC_Handler)
    i.SetSysClock                            0x08001de2   Section        0  system_stm32f10x.o(i.SetSysClock)
    SetSysClock                              0x08001de3   Thumb Code     8  system_stm32f10x.o(i.SetSysClock)
    i.SetSysClockTo72                        0x08001dec   Section        0  system_stm32f10x.o(i.SetSysClockTo72)
    SetSysClockTo72                          0x08001ded   Thumb Code   214  system_stm32f10x.o(i.SetSysClockTo72)
    i.SysTick_Handler                        0x08001ecc   Section        0  stm32f10x_it.o(i.SysTick_Handler)
    i.SystemInit                             0x08001ed0   Section        0  system_stm32f10x.o(i.SystemInit)
    i.TIM3_IRQHandler                        0x08001f30   Section        0  stm32f10x_it.o(i.TIM3_IRQHandler)
    i.TIM_ClearFlag                          0x08001f9c   Section        0  stm32f10x_tim.o(i.TIM_ClearFlag)
    i.TIM_Cmd                                0x08001fa2   Section        0  stm32f10x_tim.o(i.TIM_Cmd)
    i.TIM_DeInit                             0x08001fbc   Section        0  stm32f10x_tim.o(i.TIM_DeInit)
    i.TIM_ITConfig                           0x080021a4   Section        0  stm32f10x_tim.o(i.TIM_ITConfig)
    i.TIM_TimeBaseInit                       0x080021b8   Section        0  stm32f10x_tim.o(i.TIM_TimeBaseInit)
    i.Task_25HZ                              0x0800225c   Section        0  tasks.o(i.Task_25HZ)
    i.Task_5HZ                               0x08002278   Section        0  tasks.o(i.Task_5HZ)
    i.Timer3_Init                            0x08002284   Section        0  timer3.o(i.Timer3_Init)
    i.USART1_IRQHandler                      0x080022e8   Section        0  usart.o(i.USART1_IRQHandler)
    i.USART_Cmd                              0x08002360   Section        0  stm32f10x_usart.o(i.USART_Cmd)
    i.USART_GetFlagStatus                    0x08002378   Section        0  stm32f10x_usart.o(i.USART_GetFlagStatus)
    i.USART_ITConfig                         0x08002392   Section        0  stm32f10x_usart.o(i.USART_ITConfig)
    i.USART_Init                             0x080023dc   Section        0  stm32f10x_usart.o(i.USART_Init)
    i.USART_ReceiveData                      0x080024b4   Section        0  stm32f10x_usart.o(i.USART_ReceiveData)
    i.USART_SendData                         0x080024be   Section        0  stm32f10x_usart.o(i.USART_SendData)
    i.USART_init                             0x080024c8   Section        0  usart.o(i.USART_init)
    i.UsageFault_Handler                     0x08002560   Section        0  stm32f10x_it.o(i.UsageFault_Handler)
    i.__scatterload_copy                     0x08002564   Section       14  handlers.o(i.__scatterload_copy)
    i.__scatterload_null                     0x08002572   Section        2  handlers.o(i.__scatterload_null)
    i.__scatterload_zeroinit                 0x08002574   Section       14  handlers.o(i.__scatterload_zeroinit)
    i.main                                   0x08002584   Section        0  main.o(i.main)
    .constdata                               0x080025b8   Section        5  nrf24l01.o(.constdata)
    .data                                    0x20000000   Section       21  stm32f10x_it.o(.data)
    Key_Delay                                0x20000004   Data           4  stm32f10x_it.o(.data)
    Key_Delay                                0x20000008   Data           4  stm32f10x_it.o(.data)
    Key_Delay                                0x2000000c   Data           4  stm32f10x_it.o(.data)
    Key_Delay                                0x20000010   Data           4  stm32f10x_it.o(.data)
    key_count                                0x20000014   Data           1  stm32f10x_it.o(.data)
    .data                                    0x20000016   Section       12  nrf24l01.o(.data)
    TX_ADDRESS                               0x20000016   Data           5  nrf24l01.o(.data)
    RX_ADDRESS                               0x2000001b   Data           5  nrf24l01.o(.data)
    Nrf_Erro                                 0x20000020   Data           2  nrf24l01.o(.data)
    .data                                    0x20000022   Section        4  usart.o(.data)
    .data                                    0x20000026   Section        4  adc.o(.data)
    .data                                    0x2000002c   Section        6  timer3.o(.data)
    .data                                    0x20000032   Section        1  filter.o(.data)
    Filter_count                             0x20000032   Data           1  filter.o(.data)
    .data                                    0x20000034   Section       64  led_key.o(.data)
    Light_On                                 0x2000004a   Data           1  led_key.o(.data)
    Last_time                                0x2000004c   Data           4  led_key.o(.data)
    Now_time                                 0x20000050   Data           4  led_key.o(.data)
    count                                    0x20000054   Data           1  led_key.o(.data)
    count0                                   0x20000058   Data           4  led_key.o(.data)
    count1                                   0x2000005c   Data           4  led_key.o(.data)
    count2                                   0x20000060   Data           4  led_key.o(.data)
    count3                                   0x20000064   Data           4  led_key.o(.data)
    count4                                   0x20000068   Data           4  led_key.o(.data)
    count5                                   0x2000006c   Data           4  led_key.o(.data)
    count6                                   0x20000070   Data           4  led_key.o(.data)
    .data                                    0x20000074   Section       10  struct_all.o(.data)
    .data                                    0x2000007e   Section       20  stm32f10x_rcc.o(.data)
    APBAHBPrescTable                         0x2000007e   Data          16  stm32f10x_rcc.o(.data)
    ADCPrescTable                            0x2000008e   Data           4  stm32f10x_rcc.o(.data)
    .bss                                     0x20000094   Section       64  nrf24l01.o(.bss)
    .bss                                     0x200000d4   Section      356  usart.o(.bss)
    TxBuff                                   0x200000d4   Data         256  usart.o(.bss)
    .bss                                     0x20000238   Section       12  adc.o(.bss)
    .bss                                     0x20000244   Section       40  filter.o(.bss)
    Filter_A                                 0x20000244   Data          10  filter.o(.bss)
    Filter_B                                 0x2000024e   Data          10  filter.o(.bss)
    Filter_C                                 0x20000258   Data          10  filter.o(.bss)
    Filter_D                                 0x20000262   Data          10  filter.o(.bss)
    .bss                                     0x2000026c   Section       60  struct_all.o(.bss)
    STACK                                    0x200002a8   Section     1024  startup_stm32f10x_hd.o(STACK)

    Global Symbols

    Symbol Name                              Value     Ov Type        Size  Object(Section)

    BuildAttributes$$THM_ISAv4$P$D$K$B$S$PE$A:L22UL41UL21$X:L11$S22US41US21$IEEE1$IW$USESV6$~STKCKD$USESV7$~SHL$OTIME$ROPI$EBA8$MICROLIB$REQ8$PRES8$EABIv2 0x00000000   Number         0  anon$$obj.o ABSOLUTE
    __ARM_use_no_argv                        0x00000000   Number         0  main.o ABSOLUTE
    __cpp_initialize__aeabi_                  - Undefined Weak Reference
    __cxa_finalize                            - Undefined Weak Reference
    __decompress                              - Undefined Weak Reference
    _clock_init                               - Undefined Weak Reference
    _microlib_exit                            - Undefined Weak Reference
    __Vectors_Size                           0x00000130   Number         0  startup_stm32f10x_hd.o ABSOLUTE
    __Vectors                                0x08000000   Data           4  startup_stm32f10x_hd.o(RESET)
    __Vectors_End                            0x08000130   Data           0  startup_stm32f10x_hd.o(RESET)
    __main                                   0x08000131   Thumb Code     0  entry.o(.ARM.Collect$$$$00000000)
    _main_stk                                0x08000131   Thumb Code     0  entry2.o(.ARM.Collect$$$$00000001)
    _main_scatterload                        0x08000135   Thumb Code     0  entry5.o(.ARM.Collect$$$$00000004)
    __main_after_scatterload                 0x08000139   Thumb Code     0  entry5.o(.ARM.Collect$$$$00000004)
    _main_clock                              0x08000139   Thumb Code     0  entry7b.o(.ARM.Collect$$$$00000008)
    _main_cpp_init                           0x08000139   Thumb Code     0  entry8b.o(.ARM.Collect$$$$0000000A)
    _main_init                               0x08000139   Thumb Code     0  entry9a.o(.ARM.Collect$$$$0000000B)
    __rt_final_cpp                           0x08000141   Thumb Code     0  entry10a.o(.ARM.Collect$$$$0000000D)
    __rt_final_exit                          0x08000141   Thumb Code     0  entry11a.o(.ARM.Collect$$$$0000000F)
    Reset_Handler                            0x08000145   Thumb Code     8  startup_stm32f10x_hd.o(.text)
    ADC1_2_IRQHandler                        0x0800015f   Thumb Code     0  startup_stm32f10x_hd.o(.text)
    ADC3_IRQHandler                          0x0800015f   Thumb Code     0  startup_stm32f10x_hd.o(.text)
    CAN1_RX1_IRQHandler                      0x0800015f   Thumb Code     0  startup_stm32f10x_hd.o(.text)
    CAN1_SCE_IRQHandler                      0x0800015f   Thumb Code     0  startup_stm32f10x_hd.o(.text)
    DMA1_Channel1_IRQHandler                 0x0800015f   Thumb Code     0  startup_stm32f10x_hd.o(.text)
    DMA1_Channel2_IRQHandler                 0x0800015f   Thumb Code     0  startup_stm32f10x_hd.o(.text)
    DMA1_Channel3_IRQHandler                 0x0800015f   Thumb Code     0  startup_stm32f10x_hd.o(.text)
    DMA1_Channel4_IRQHandler                 0x0800015f   Thumb Code     0  startup_stm32f10x_hd.o(.text)
    DMA1_Channel5_IRQHandler                 0x0800015f   Thumb Code     0  startup_stm32f10x_hd.o(.text)
    DMA1_Channel6_IRQHandler                 0x0800015f   Thumb Code     0  startup_stm32f10x_hd.o(.text)
    DMA1_Channel7_IRQHandler                 0x0800015f   Thumb Code     0  startup_stm32f10x_hd.o(.text)
    DMA2_Channel1_IRQHandler                 0x0800015f   Thumb Code     0  startup_stm32f10x_hd.o(.text)
    DMA2_Channel2_IRQHandler                 0x0800015f   Thumb Code     0  startup_stm32f10x_hd.o(.text)
    DMA2_Channel3_IRQHandler                 0x0800015f   Thumb Code     0  startup_stm32f10x_hd.o(.text)
    DMA2_Channel4_5_IRQHandler               0x0800015f   Thumb Code     0  startup_stm32f10x_hd.o(.text)
    EXTI0_IRQHandler                         0x0800015f   Thumb Code     0  startup_stm32f10x_hd.o(.text)
    EXTI1_IRQHandler                         0x0800015f   Thumb Code     0  startup_stm32f10x_hd.o(.text)
    EXTI2_IRQHandler                         0x0800015f   Thumb Code     0  startup_stm32f10x_hd.o(.text)
    EXTI3_IRQHandler                         0x0800015f   Thumb Code     0  startup_stm32f10x_hd.o(.text)
    EXTI4_IRQHandler                         0x0800015f   Thumb Code     0  startup_stm32f10x_hd.o(.text)
    FLASH_IRQHandler                         0x0800015f   Thumb Code     0  startup_stm32f10x_hd.o(.text)
    FSMC_IRQHandler                          0x0800015f   Thumb Code     0  startup_stm32f10x_hd.o(.text)
    I2C1_ER_IRQHandler                       0x0800015f   Thumb Code     0  startup_stm32f10x_hd.o(.text)
    I2C1_EV_IRQHandler                       0x0800015f   Thumb Code     0  startup_stm32f10x_hd.o(.text)
    I2C2_ER_IRQHandler                       0x0800015f   Thumb Code     0  startup_stm32f10x_hd.o(.text)
    I2C2_EV_IRQHandler                       0x0800015f   Thumb Code     0  startup_stm32f10x_hd.o(.text)
    PVD_IRQHandler                           0x0800015f   Thumb Code     0  startup_stm32f10x_hd.o(.text)
    RCC_IRQHandler                           0x0800015f   Thumb Code     0  startup_stm32f10x_hd.o(.text)
    RTCAlarm_IRQHandler                      0x0800015f   Thumb Code     0  startup_stm32f10x_hd.o(.text)
    RTC_IRQHandler                           0x0800015f   Thumb Code     0  startup_stm32f10x_hd.o(.text)
    SDIO_IRQHandler                          0x0800015f   Thumb Code     0  startup_stm32f10x_hd.o(.text)
    SPI1_IRQHandler                          0x0800015f   Thumb Code     0  startup_stm32f10x_hd.o(.text)
    SPI2_IRQHandler                          0x0800015f   Thumb Code     0  startup_stm32f10x_hd.o(.text)
    SPI3_IRQHandler                          0x0800015f   Thumb Code     0  startup_stm32f10x_hd.o(.text)
    TAMPER_IRQHandler                        0x0800015f   Thumb Code     0  startup_stm32f10x_hd.o(.text)
    TIM1_BRK_IRQHandler                      0x0800015f   Thumb Code     0  startup_stm32f10x_hd.o(.text)
    TIM1_CC_IRQHandler                       0x0800015f   Thumb Code     0  startup_stm32f10x_hd.o(.text)
    TIM1_TRG_COM_IRQHandler                  0x0800015f   Thumb Code     0  startup_stm32f10x_hd.o(.text)
    TIM1_UP_IRQHandler                       0x0800015f   Thumb Code     0  startup_stm32f10x_hd.o(.text)
    TIM2_IRQHandler                          0x0800015f   Thumb Code     0  startup_stm32f10x_hd.o(.text)
    TIM4_IRQHandler                          0x0800015f   Thumb Code     0  startup_stm32f10x_hd.o(.text)
    TIM5_IRQHandler                          0x0800015f   Thumb Code     0  startup_stm32f10x_hd.o(.text)
    TIM6_IRQHandler                          0x0800015f   Thumb Code     0  startup_stm32f10x_hd.o(.text)
    TIM7_IRQHandler                          0x0800015f   Thumb Code     0  startup_stm32f10x_hd.o(.text)
    TIM8_BRK_IRQHandler                      0x0800015f   Thumb Code     0  startup_stm32f10x_hd.o(.text)
    TIM8_CC_IRQHandler                       0x0800015f   Thumb Code     0  startup_stm32f10x_hd.o(.text)
    TIM8_TRG_COM_IRQHandler                  0x0800015f   Thumb Code     0  startup_stm32f10x_hd.o(.text)
    TIM8_UP_IRQHandler                       0x0800015f   Thumb Code     0  startup_stm32f10x_hd.o(.text)
    UART4_IRQHandler                         0x0800015f   Thumb Code     0  startup_stm32f10x_hd.o(.text)
    UART5_IRQHandler                         0x0800015f   Thumb Code     0  startup_stm32f10x_hd.o(.text)
    USART2_IRQHandler                        0x0800015f   Thumb Code     0  startup_stm32f10x_hd.o(.text)
    USART3_IRQHandler                        0x0800015f   Thumb Code     0  startup_stm32f10x_hd.o(.text)
    USBWakeUp_IRQHandler                     0x0800015f   Thumb Code     0  startup_stm32f10x_hd.o(.text)
    USB_HP_CAN1_TX_IRQHandler                0x0800015f   Thumb Code     0  startup_stm32f10x_hd.o(.text)
    USB_LP_CAN1_RX0_IRQHandler               0x0800015f   Thumb Code     0  startup_stm32f10x_hd.o(.text)
    WWDG_IRQHandler                          0x0800015f   Thumb Code     0  startup_stm32f10x_hd.o(.text)
    __aeabi_fmul                             0x08000169   Thumb Code   100  fmul.o(.text)
    __aeabi_fdiv                             0x080001cd   Thumb Code   124  fdiv.o(.text)
    __aeabi_ui2f                             0x08000249   Thumb Code    10  ffltui.o(.text)
    __aeabi_f2uiz                            0x08000253   Thumb Code    40  ffixui.o(.text)
    __I$use$fp                               0x0800027b   Thumb Code     0  iusefp.o(.text)
    _float_round                             0x0800027b   Thumb Code    18  fepilogue.o(.text)
    _float_epilogue                          0x0800028d   Thumb Code    92  fepilogue.o(.text)
    __scatterload                            0x080002e9   Thumb Code    28  init.o(.text)
    __scatterload_rt2                        0x080002e9   Thumb Code     0  init.o(.text)
    ADC1_Init                                0x08000369   Thumb Code    12  adc.o(i.ADC1_Init)
    ADC_Cmd                                  0x080004a1   Thumb Code    22  stm32f10x_adc.o(i.ADC_Cmd)
    ADC_DMACmd                               0x080004b7   Thumb Code    22  stm32f10x_adc.o(i.ADC_DMACmd)
    ADC_DeInit                               0x080004cd   Thumb Code    78  stm32f10x_adc.o(i.ADC_DeInit)
    ADC_GetCalibrationStatus                 0x08000529   Thumb Code    20  stm32f10x_adc.o(i.ADC_GetCalibrationStatus)
    ADC_GetResetCalibrationStatus            0x0800053d   Thumb Code    20  stm32f10x_adc.o(i.ADC_GetResetCalibrationStatus)
    ADC_Init                                 0x08000551   Thumb Code    70  stm32f10x_adc.o(i.ADC_Init)
    ADC_RegularChannelConfig                 0x080005a1   Thumb Code   184  stm32f10x_adc.o(i.ADC_RegularChannelConfig)
    ADC_ResetCalibration                     0x08000659   Thumb Code    10  stm32f10x_adc.o(i.ADC_ResetCalibration)
    ADC_SoftwareStartConvCmd                 0x08000663   Thumb Code    22  stm32f10x_adc.o(i.ADC_SoftwareStartConvCmd)
    ADC_StartCalibration                     0x08000679   Thumb Code    10  stm32f10x_adc.o(i.ADC_StartCalibration)
    ADC_TempSensorVrefintCmd                 0x08000685   Thumb Code    30  stm32f10x_adc.o(i.ADC_TempSensorVrefintCmd)
    BKP_TamperPinCmd                         0x080006a9   Thumb Code     6  stm32f10x_bkp.o(i.BKP_TamperPinCmd)
    BSP_Int                                  0x080006b5   Thumb Code    96  tasks.o(i.BSP_Int)
    BusFault_Handler                         0x080007c5   Thumb Code     4  stm32f10x_it.o(i.BusFault_Handler)
    DMA_Cmd                                  0x080007c9   Thumb Code    24  stm32f10x_dma.o(i.DMA_Cmd)
    DMA_DeInit                               0x080007e1   Thumb Code   324  stm32f10x_dma.o(i.DMA_DeInit)
    DMA_Init                                 0x0800092d   Thumb Code    60  stm32f10x_dma.o(i.DMA_Init)
    DebugMon_Handler                         0x08000969   Thumb Code     2  stm32f10x_it.o(i.DebugMon_Handler)
    Do_Offset                                0x08000989   Thumb Code   338  led_key.o(i.Do_Offset)
    EXTI15_10_IRQHandler                     0x08000b25   Thumb Code   224  stm32f10x_it.o(i.EXTI15_10_IRQHandler)
    EXTI9_5_IRQHandler                       0x08000c1d   Thumb Code    70  stm32f10x_it.o(i.EXTI9_5_IRQHandler)
    EXTI_ClearITPendingBit                   0x08000c71   Thumb Code     6  stm32f10x_exti.o(i.EXTI_ClearITPendingBit)
    EXTI_GetITStatus                         0x08000c7d   Thumb Code    34  stm32f10x_exti.o(i.EXTI_GetITStatus)
    EXTI_Init                                0x08000ca5   Thumb Code   142  stm32f10x_exti.o(i.EXTI_Init)
    GPIO_EXTILineConfig                      0x08000d39   Thumb Code    60  stm32f10x_gpio.o(i.GPIO_EXTILineConfig)
    GPIO_Init                                0x08000d79   Thumb Code   278  stm32f10x_gpio.o(i.GPIO_Init)
    GPIO_PinRemapConfig                      0x08000e91   Thumb Code   138  stm32f10x_gpio.o(i.GPIO_PinRemapConfig)
    Get_Checksum                             0x08000f21   Thumb Code    30  maths.o(i.Get_Checksum)
    HardFault_Handler                        0x08000f3f   Thumb Code     4  stm32f10x_it.o(i.HardFault_Handler)
    LED3_ON_Frequency                        0x08000f45   Thumb Code   122  led_key.o(i.LED3_ON_Frequency)
    LED_KEY_Init                             0x08000fd9   Thumb Code   274  led_key.o(i.LED_KEY_Init)
    LED_ON_OFF                               0x080010fd   Thumb Code    84  led_key.o(i.LED_ON_OFF)
    LED_Show                                 0x08001159   Thumb Code    84  led_key.o(i.LED_Show)
    MemManage_Handler                        0x080011bd   Thumb Code     4  stm32f10x_it.o(i.MemManage_Handler)
    NMI_Handler                              0x080011c1   Thumb Code     2  stm32f10x_it.o(i.NMI_Handler)
    NRF24L01_Check                           0x0800121d   Thumb Code    82  nrf24l01.o(i.NRF24L01_Check)
    NRF24L01_IO_Init                         0x0800127d   Thumb Code   146  nrf24l01.o(i.NRF24L01_IO_Init)
    NRF24L01_IRQ                             0x08001321   Thumb Code    90  nrf24l01.o(i.NRF24L01_IRQ)
    NRF24L01_RX_Mode                         0x08001385   Thumb Code    76  nrf24l01.o(i.NRF24L01_RX_Mode)
    NRF24L01_Read_Buf                        0x080013dd   Thumb Code    56  nrf24l01.o(i.NRF24L01_Read_Buf)
    NRF24L01_Read_Reg                        0x08001419   Thumb Code    36  nrf24l01.o(i.NRF24L01_Read_Reg)
    NRF24L01_TX_Mode                         0x08001445   Thumb Code    86  nrf24l01.o(i.NRF24L01_TX_Mode)
    NRF24L01_Write_Buf                       0x080014ad   Thumb Code    56  nrf24l01.o(i.NRF24L01_Write_Buf)
    NRF24L01_Write_Reg                       0x080014e9   Thumb Code    38  nrf24l01.o(i.NRF24L01_Write_Reg)
    NRF_Send_TX                              0x08001519   Thumb Code    36  nrf24l01.o(i.NRF_Send_TX)
    NVIC_Init                                0x08001545   Thumb Code   100  misc.o(i.NVIC_Init)
    NVIC_PriorityGroupConfig                 0x080015b5   Thumb Code    10  misc.o(i.NVIC_PriorityGroupConfig)
    Nrf_Connect                              0x080015c9   Thumb Code    72  nrf24l01.o(i.Nrf_Connect)
    PWR_BackupAccessCmd                      0x08001681   Thumb Code     6  stm32f10x_pwr.o(i.PWR_BackupAccessCmd)
    PendSV_Handler                           0x0800168d   Thumb Code     2  stm32f10x_it.o(i.PendSV_Handler)
    PrintHexU8                               0x08001691   Thumb Code    42  usart.o(i.PrintHexU8)
    PrintString                              0x080016c1   Thumb Code    24  usart.o(i.PrintString)
    Print_MSP_RC                             0x080016d9   Thumb Code   286  protocol.o(i.Print_MSP_RC)
    RCC_ADCCLKConfig                         0x0800180d   Thumb Code    18  stm32f10x_rcc.o(i.RCC_ADCCLKConfig)
    RCC_AHBPeriphClockCmd                    0x08001825   Thumb Code    26  stm32f10x_rcc.o(i.RCC_AHBPeriphClockCmd)
    RCC_APB1PeriphClockCmd                   0x08001845   Thumb Code    26  stm32f10x_rcc.o(i.RCC_APB1PeriphClockCmd)
    RCC_APB1PeriphResetCmd                   0x08001865   Thumb Code    26  stm32f10x_rcc.o(i.RCC_APB1PeriphResetCmd)
    RCC_APB2PeriphClockCmd                   0x08001885   Thumb Code    26  stm32f10x_rcc.o(i.RCC_APB2PeriphClockCmd)
    RCC_APB2PeriphResetCmd                   0x080018a5   Thumb Code    26  stm32f10x_rcc.o(i.RCC_APB2PeriphResetCmd)
    RCC_GetClocksFreq                        0x080018c5   Thumb Code   192  stm32f10x_rcc.o(i.RCC_GetClocksFreq)
    RCC_LSEConfig                            0x08001999   Thumb Code    46  stm32f10x_rcc.o(i.RCC_LSEConfig)
    RC_Limit                                 0x080019cd   Thumb Code   254  filter.o(i.RC_Limit)
    Rc_Filter                                0x08001acd   Thumb Code   398  filter.o(i.Rc_Filter)
    SPI1_RW                                  0x08001c91   Thumb Code    50  spi.o(i.SPI1_RW)
    SPI1_SetSpeed                            0x08001cc9   Thumb Code    36  spi.o(i.SPI1_SetSpeed)
    SPI_Cmd                                  0x08001cf1   Thumb Code    24  stm32f10x_spi.o(i.SPI_Cmd)
    SPI_GPIO_Init                            0x08001d09   Thumb Code   118  spi.o(i.SPI_GPIO_Init)
    SPI_I2S_GetFlagStatus                    0x08001d89   Thumb Code    18  stm32f10x_spi.o(i.SPI_I2S_GetFlagStatus)
    SPI_I2S_ReceiveData                      0x08001d9b   Thumb Code     6  stm32f10x_spi.o(i.SPI_I2S_ReceiveData)
    SPI_I2S_SendData                         0x08001da1   Thumb Code     4  stm32f10x_spi.o(i.SPI_I2S_SendData)
    SPI_Init                                 0x08001da5   Thumb Code    60  stm32f10x_spi.o(i.SPI_Init)
    SVC_Handler                              0x08001de1   Thumb Code     2  stm32f10x_it.o(i.SVC_Handler)
    SysTick_Handler                          0x08001ecd   Thumb Code     2  stm32f10x_it.o(i.SysTick_Handler)
    SystemInit                               0x08001ed1   Thumb Code    78  system_stm32f10x.o(i.SystemInit)
    TIM3_IRQHandler                          0x08001f31   Thumb Code    80  stm32f10x_it.o(i.TIM3_IRQHandler)
    TIM_ClearFlag                            0x08001f9d   Thumb Code     6  stm32f10x_tim.o(i.TIM_ClearFlag)
    TIM_Cmd                                  0x08001fa3   Thumb Code    24  stm32f10x_tim.o(i.TIM_Cmd)
    TIM_DeInit                               0x08001fbd   Thumb Code   424  stm32f10x_tim.o(i.TIM_DeInit)
    TIM_ITConfig                             0x080021a5   Thumb Code    18  stm32f10x_tim.o(i.TIM_ITConfig)
    TIM_TimeBaseInit                         0x080021b9   Thumb Code   122  stm32f10x_tim.o(i.TIM_TimeBaseInit)
    Task_25HZ                                0x0800225d   Thumb Code    20  tasks.o(i.Task_25HZ)
    Task_5HZ                                 0x08002279   Thumb Code    10  tasks.o(i.Task_5HZ)
    Timer3_Init                              0x08002285   Thumb Code    86  timer3.o(i.Timer3_Init)
    USART1_IRQHandler                        0x080022e9   Thumb Code   102  usart.o(i.USART1_IRQHandler)
    USART_Cmd                                0x08002361   Thumb Code    24  stm32f10x_usart.o(i.USART_Cmd)
    USART_GetFlagStatus                      0x08002379   Thumb Code    26  stm32f10x_usart.o(i.USART_GetFlagStatus)
    USART_ITConfig                           0x08002393   Thumb Code    74  stm32f10x_usart.o(i.USART_ITConfig)
    USART_Init                               0x080023dd   Thumb Code   210  stm32f10x_usart.o(i.USART_Init)
    USART_ReceiveData                        0x080024b5   Thumb Code    10  stm32f10x_usart.o(i.USART_ReceiveData)
    USART_SendData                           0x080024bf   Thumb Code     8  stm32f10x_usart.o(i.USART_SendData)
    USART_init                               0x080024c9   Thumb Code   142  usart.o(i.USART_init)
    UsageFault_Handler                       0x08002561   Thumb Code     4  stm32f10x_it.o(i.UsageFault_Handler)
    __scatterload_copy                       0x08002565   Thumb Code    14  handlers.o(i.__scatterload_copy)
    __scatterload_null                       0x08002573   Thumb Code     2  handlers.o(i.__scatterload_null)
    __scatterload_zeroinit                   0x08002575   Thumb Code    14  handlers.o(i.__scatterload_zeroinit)
    main                                     0x08002585   Thumb Code    44  main.o(i.main)
    Region$$Table$$Base                      0x080025c0   Number         0  anon$$obj.o(Region$$Table)
    Region$$Table$$Limit                     0x080025e0   Number         0  anon$$obj.o(Region$$Table)
    Count_2ms                                0x20000000   Data           1  stm32f10x_it.o(.data)
    Count_10ms                               0x20000001   Data           1  stm32f10x_it.o(.data)
    Count_40ms                               0x20000002   Data           1  stm32f10x_it.o(.data)
    Count_200ms                              0x20000003   Data           1  stm32f10x_it.o(.data)
    TxCount                                  0x20000022   Data           1  usart.o(.data)
    Count                                    0x20000023   Data           1  usart.o(.data)
    Line0                                    0x20000024   Data           1  usart.o(.data)
    Line1                                    0x20000025   Data           1  usart.o(.data)
    Battery_Fly                              0x20000026   Data           2  adc.o(.data)
    Battery_Rc                               0x20000028   Data           2  adc.o(.data)
    Timer3_Count                             0x2000002c   Data           4  timer3.o(.data)
    Timer3_Frequency                         0x20000030   Data           2  timer3.o(.data)
    offset                                   0x20000034   Data           1  led_key.o(.data)
    offset0                                  0x20000036   Data           2  led_key.o(.data)
    offset1                                  0x20000038   Data           2  led_key.o(.data)
    offset2                                  0x2000003a   Data           2  led_key.o(.data)
    offset3                                  0x2000003c   Data           2  led_key.o(.data)
    offset4                                  0x2000003e   Data           2  led_key.o(.data)
    offset5                                  0x20000040   Data           2  led_key.o(.data)
    offset6                                  0x20000042   Data           2  led_key.o(.data)
    Mode                                     0x20000044   Data           1  led_key.o(.data)
    Fun                                      0x20000045   Data           1  led_key.o(.data)
    roll_aux                                 0x20000046   Data           2  led_key.o(.data)
    pitch_aux                                0x20000048   Data           2  led_key.o(.data)
    Bsp_Int_Ok                               0x20000074   Data           1  struct_all.o(.data)
    data_0                                   0x20000076   Data           2  struct_all.o(.data)
    data_1                                   0x20000078   Data           2  struct_all.o(.data)
    data_2                                   0x2000007a   Data           2  struct_all.o(.data)
    data_3                                   0x2000007c   Data           2  struct_all.o(.data)
    NRF24L01_RXDATA                          0x20000094   Data          32  nrf24l01.o(.bss)
    NRF24L01_TXDATA                          0x200000b4   Data          32  nrf24l01.o(.bss)
    RxBuff                                   0x200001d4   Data         100  usart.o(.bss)
    ADC_Value                                0x20000238   Data          12  adc.o(.bss)
    pid                                      0x2000026c   Data          27  struct_all.o(.bss)
    Rc                                       0x20000288   Data          16  struct_all.o(.bss)
    Filter_Rc                                0x20000298   Data          16  struct_all.o(.bss)
    __initial_sp                             0x200006a8   Data           0  startup_stm32f10x_hd.o(STACK)



==============================================================================

Memory Map of the image

  Image Entry point : 0x08000131

  Load Region LR_IROM1 (Base: 0x08000000, Size: 0x00002674, Max: 0x00010000, ABSOLUTE)

    Execution Region ER_IROM1 (Exec base: 0x08000000, Load base: 0x08000000, Size: 0x000025e0, Max: 0x00010000, ABSOLUTE)

    Exec Addr    Load Addr    Size         Type   Attr      Idx    E Section Name        Object

    0x08000000   0x08000000   0x00000130   Data   RO         3863    RESET               startup_stm32f10x_hd.o
    0x08000130   0x08000130   0x00000000   Code   RO         3868  * .ARM.Collect$$$$00000000  mc_w.l(entry.o)
    0x08000130   0x08000130   0x00000004   Code   RO         3879    .ARM.Collect$$$$00000001  mc_w.l(entry2.o)
    0x08000134   0x08000134   0x00000004   Code   RO         3882    .ARM.Collect$$$$00000004  mc_w.l(entry5.o)
    0x08000138   0x08000138   0x00000000   Code   RO         3884    .ARM.Collect$$$$00000008  mc_w.l(entry7b.o)
    0x08000138   0x08000138   0x00000000   Code   RO         3886    .ARM.Collect$$$$0000000A  mc_w.l(entry8b.o)
    0x08000138   0x08000138   0x00000008   Code   RO         3887    .ARM.Collect$$$$0000000B  mc_w.l(entry9a.o)
    0x08000140   0x08000140   0x00000000   Code   RO         3889    .ARM.Collect$$$$0000000D  mc_w.l(entry10a.o)
    0x08000140   0x08000140   0x00000000   Code   RO         3891    .ARM.Collect$$$$0000000F  mc_w.l(entry11a.o)
    0x08000140   0x08000140   0x00000004   Code   RO         3880    .ARM.Collect$$$$00002712  mc_w.l(entry2.o)
    0x08000144   0x08000144   0x00000024   Code   RO         3864    .text               startup_stm32f10x_hd.o
    0x08000168   0x08000168   0x00000064   Code   RO         3871    .text               mf_w.l(fmul.o)
    0x080001cc   0x080001cc   0x0000007c   Code   RO         3873    .text               mf_w.l(fdiv.o)
    0x08000248   0x08000248   0x0000000a   Code   RO         3875    .text               mf_w.l(ffltui.o)
    0x08000252   0x08000252   0x00000028   Code   RO         3877    .text               mf_w.l(ffixui.o)
    0x0800027a   0x0800027a   0x00000000   Code   RO         3893    .text               mc_w.l(iusefp.o)
    0x0800027a   0x0800027a   0x0000006e   Code   RO         3894    .text               mf_w.l(fepilogue.o)
    0x080002e8   0x080002e8   0x00000024   Code   RO         3896    .text               mc_w.l(init.o)
    0x0800030c   0x0800030c   0x0000005c   Code   RO          567    i.ADC1_GPIO_Config  adc.o
    0x08000368   0x08000368   0x0000000c   Code   RO          568    i.ADC1_Init         adc.o
    0x08000374   0x08000374   0x0000012c   Code   RO          569    i.ADC1_Mode_Config  adc.o
    0x080004a0   0x080004a0   0x00000016   Code   RO         1370    i.ADC_Cmd           stm32f10x_adc.o
    0x080004b6   0x080004b6   0x00000016   Code   RO         1371    i.ADC_DMACmd        stm32f10x_adc.o
    0x080004cc   0x080004cc   0x0000005c   Code   RO         1372    i.ADC_DeInit        stm32f10x_adc.o
    0x08000528   0x08000528   0x00000014   Code   RO         1378    i.ADC_GetCalibrationStatus  stm32f10x_adc.o
    0x0800053c   0x0800053c   0x00000014   Code   RO         1384    i.ADC_GetResetCalibrationStatus  stm32f10x_adc.o
    0x08000550   0x08000550   0x00000050   Code   RO         1388    i.ADC_Init          stm32f10x_adc.o
    0x080005a0   0x080005a0   0x000000b8   Code   RO         1392    i.ADC_RegularChannelConfig  stm32f10x_adc.o
    0x08000658   0x08000658   0x0000000a   Code   RO         1393    i.ADC_ResetCalibration  stm32f10x_adc.o
    0x08000662   0x08000662   0x00000016   Code   RO         1395    i.ADC_SoftwareStartConvCmd  stm32f10x_adc.o
    0x08000678   0x08000678   0x0000000a   Code   RO         1397    i.ADC_StartCalibration  stm32f10x_adc.o
    0x08000682   0x08000682   0x00000002   PAD
    0x08000684   0x08000684   0x00000024   Code   RO         1399    i.ADC_TempSensorVrefintCmd  stm32f10x_adc.o
    0x080006a8   0x080006a8   0x0000000c   Code   RO         1595    i.BKP_TamperPinCmd  stm32f10x_bkp.o
    0x080006b4   0x080006b4   0x00000110   Code   RO          708    i.BSP_Int           tasks.o
    0x080007c4   0x080007c4   0x00000004   Code   RO           96    i.BusFault_Handler  stm32f10x_it.o
    0x080007c8   0x080007c8   0x00000018   Code   RO         2043    i.DMA_Cmd           stm32f10x_dma.o
    0x080007e0   0x080007e0   0x0000014c   Code   RO         2044    i.DMA_DeInit        stm32f10x_dma.o
    0x0800092c   0x0800092c   0x0000003c   Code   RO         2049    i.DMA_Init          stm32f10x_dma.o
    0x08000968   0x08000968   0x00000002   Code   RO           97    i.DebugMon_Handler  stm32f10x_it.o
    0x0800096a   0x0800096a   0x0000001e   Code   RO          661    i.Delay_led         led_key.o
    0x08000988   0x08000988   0x0000019c   Code   RO          662    i.Do_Offset         led_key.o
    0x08000b24   0x08000b24   0x000000f8   Code   RO           98    i.EXTI15_10_IRQHandler  stm32f10x_it.o
    0x08000c1c   0x08000c1c   0x00000054   Code   RO           99    i.EXTI9_5_IRQHandler  stm32f10x_it.o
    0x08000c70   0x08000c70   0x0000000c   Code   RO         2114    i.EXTI_ClearITPendingBit  stm32f10x_exti.o
    0x08000c7c   0x08000c7c   0x00000028   Code   RO         2118    i.EXTI_GetITStatus  stm32f10x_exti.o
    0x08000ca4   0x08000ca4   0x00000094   Code   RO         2119    i.EXTI_Init         stm32f10x_exti.o
    0x08000d38   0x08000d38   0x00000040   Code   RO         1053    i.GPIO_EXTILineConfig  stm32f10x_gpio.o
    0x08000d78   0x08000d78   0x00000116   Code   RO         1056    i.GPIO_Init         stm32f10x_gpio.o
    0x08000e8e   0x08000e8e   0x00000002   PAD
    0x08000e90   0x08000e90   0x00000090   Code   RO         1058    i.GPIO_PinRemapConfig  stm32f10x_gpio.o
    0x08000f20   0x08000f20   0x0000001e   Code   RO          812    i.Get_Checksum      maths.o
    0x08000f3e   0x08000f3e   0x00000004   Code   RO          100    i.HardFault_Handler  stm32f10x_it.o
    0x08000f42   0x08000f42   0x00000002   PAD
    0x08000f44   0x08000f44   0x00000094   Code   RO          663    i.LED3_ON_Frequency  led_key.o
    0x08000fd8   0x08000fd8   0x00000124   Code   RO          664    i.LED_KEY_Init      led_key.o
    0x080010fc   0x080010fc   0x0000005c   Code   RO          665    i.LED_ON_OFF        led_key.o
    0x08001158   0x08001158   0x00000064   Code   RO          666    i.LED_Show          led_key.o
    0x080011bc   0x080011bc   0x00000004   Code   RO          101    i.MemManage_Handler  stm32f10x_it.o
    0x080011c0   0x080011c0   0x00000002   Code   RO          102    i.NMI_Handler       stm32f10x_it.o
    0x080011c2   0x080011c2   0x00000002   PAD
    0x080011c4   0x080011c4   0x00000058   Code   RO          184    i.NRF24L01_Analyse  nrf24l01.o
    0x0800121c   0x0800121c   0x00000060   Code   RO          185    i.NRF24L01_Check    nrf24l01.o
    0x0800127c   0x0800127c   0x000000a4   Code   RO          186    i.NRF24L01_IO_Init  nrf24l01.o
    0x08001320   0x08001320   0x00000064   Code   RO          187    i.NRF24L01_IRQ      nrf24l01.o
    0x08001384   0x08001384   0x00000058   Code   RO          188    i.NRF24L01_RX_Mode  nrf24l01.o
    0x080013dc   0x080013dc   0x0000003c   Code   RO          189    i.NRF24L01_Read_Buf  nrf24l01.o
    0x08001418   0x08001418   0x0000002c   Code   RO          190    i.NRF24L01_Read_Reg  nrf24l01.o
    0x08001444   0x08001444   0x00000068   Code   RO          192    i.NRF24L01_TX_Mode  nrf24l01.o
    0x080014ac   0x080014ac   0x0000003c   Code   RO          194    i.NRF24L01_Write_Buf  nrf24l01.o
    0x080014e8   0x080014e8   0x00000030   Code   RO          195    i.NRF24L01_Write_Reg  nrf24l01.o
    0x08001518   0x08001518   0x0000002c   Code   RO          196    i.NRF_Send_TX       nrf24l01.o
    0x08001544   0x08001544   0x00000070   Code   RO          837    i.NVIC_Init         misc.o
    0x080015b4   0x080015b4   0x00000014   Code   RO          838    i.NVIC_PriorityGroupConfig  misc.o
    0x080015c8   0x080015c8   0x00000054   Code   RO          197    i.Nrf_Connect       nrf24l01.o
    0x0800161c   0x0800161c   0x00000064   Code   RO          709    i.Nvic_Init         tasks.o
    0x08001680   0x08001680   0x0000000c   Code   RO         2539    i.PWR_BackupAccessCmd  stm32f10x_pwr.o
    0x0800168c   0x0800168c   0x00000002   Code   RO          103    i.PendSV_Handler    stm32f10x_it.o
    0x0800168e   0x0800168e   0x00000002   PAD
    0x08001690   0x08001690   0x00000030   Code   RO          417    i.PrintHexU8        usart.o
    0x080016c0   0x080016c0   0x00000018   Code   RO          420    i.PrintString       usart.o
    0x080016d8   0x080016d8   0x00000134   Code   RO          757    i.Print_MSP_RC      protocol.o
    0x0800180c   0x0800180c   0x00000018   Code   RO         1164    i.RCC_ADCCLKConfig  stm32f10x_rcc.o
    0x08001824   0x08001824   0x00000020   Code   RO         1165    i.RCC_AHBPeriphClockCmd  stm32f10x_rcc.o
    0x08001844   0x08001844   0x00000020   Code   RO         1166    i.RCC_APB1PeriphClockCmd  stm32f10x_rcc.o
    0x08001864   0x08001864   0x00000020   Code   RO         1167    i.RCC_APB1PeriphResetCmd  stm32f10x_rcc.o
    0x08001884   0x08001884   0x00000020   Code   RO         1168    i.RCC_APB2PeriphClockCmd  stm32f10x_rcc.o
    0x080018a4   0x080018a4   0x00000020   Code   RO         1169    i.RCC_APB2PeriphResetCmd  stm32f10x_rcc.o
    0x080018c4   0x080018c4   0x000000d4   Code   RO         1176    i.RCC_GetClocksFreq  stm32f10x_rcc.o
    0x08001998   0x08001998   0x00000034   Code   RO         1184    i.RCC_LSEConfig     stm32f10x_rcc.o
    0x080019cc   0x080019cc   0x000000fe   Code   RO          638    i.RC_Limit          filter.o
    0x08001aca   0x08001aca   0x00000002   PAD
    0x08001acc   0x08001acc   0x000001c4   Code   RO          639    i.Rc_Filter         filter.o
    0x08001c90   0x08001c90   0x00000038   Code   RO          328    i.SPI1_RW           spi.o
    0x08001cc8   0x08001cc8   0x00000028   Code   RO          329    i.SPI1_SetSpeed     spi.o
    0x08001cf0   0x08001cf0   0x00000018   Code   RO         2889    i.SPI_Cmd           stm32f10x_spi.o
    0x08001d08   0x08001d08   0x00000080   Code   RO          330    i.SPI_GPIO_Init     spi.o
    0x08001d88   0x08001d88   0x00000012   Code   RO         2897    i.SPI_I2S_GetFlagStatus  stm32f10x_spi.o
    0x08001d9a   0x08001d9a   0x00000006   Code   RO         2900    i.SPI_I2S_ReceiveData  stm32f10x_spi.o
    0x08001da0   0x08001da0   0x00000004   Code   RO         2901    i.SPI_I2S_SendData  stm32f10x_spi.o
    0x08001da4   0x08001da4   0x0000003c   Code   RO         2902    i.SPI_Init          stm32f10x_spi.o
    0x08001de0   0x08001de0   0x00000002   Code   RO          104    i.SVC_Handler       stm32f10x_it.o
    0x08001de2   0x08001de2   0x00000008   Code   RO         3827    i.SetSysClock       system_stm32f10x.o
    0x08001dea   0x08001dea   0x00000002   PAD
    0x08001dec   0x08001dec   0x000000e0   Code   RO         3828    i.SetSysClockTo72   system_stm32f10x.o
    0x08001ecc   0x08001ecc   0x00000002   Code   RO          105    i.SysTick_Handler   stm32f10x_it.o
    0x08001ece   0x08001ece   0x00000002   PAD
    0x08001ed0   0x08001ed0   0x00000060   Code   RO         3830    i.SystemInit        system_stm32f10x.o
    0x08001f30   0x08001f30   0x0000006c   Code   RO          106    i.TIM3_IRQHandler   stm32f10x_it.o
    0x08001f9c   0x08001f9c   0x00000006   Code   RO         3038    i.TIM_ClearFlag     stm32f10x_tim.o
    0x08001fa2   0x08001fa2   0x00000018   Code   RO         3044    i.TIM_Cmd           stm32f10x_tim.o
    0x08001fba   0x08001fba   0x00000002   PAD
    0x08001fbc   0x08001fbc   0x000001e8   Code   RO         3049    i.TIM_DeInit        stm32f10x_tim.o
    0x080021a4   0x080021a4   0x00000012   Code   RO         3069    i.TIM_ITConfig      stm32f10x_tim.o
    0x080021b6   0x080021b6   0x00000002   PAD
    0x080021b8   0x080021b8   0x000000a4   Code   RO         3115    i.TIM_TimeBaseInit  stm32f10x_tim.o
    0x0800225c   0x0800225c   0x0000001c   Code   RO          711    i.Task_25HZ         tasks.o
    0x08002278   0x08002278   0x0000000a   Code   RO          713    i.Task_5HZ          tasks.o
    0x08002282   0x08002282   0x00000002   PAD
    0x08002284   0x08002284   0x00000064   Code   RO          615    i.Timer3_Init       timer3.o
    0x080022e8   0x080022e8   0x00000078   Code   RO          423    i.USART1_IRQHandler  usart.o
    0x08002360   0x08002360   0x00000018   Code   RO         3583    i.USART_Cmd         stm32f10x_usart.o
    0x08002378   0x08002378   0x0000001a   Code   RO         3586    i.USART_GetFlagStatus  stm32f10x_usart.o
    0x08002392   0x08002392   0x0000004a   Code   RO         3589    i.USART_ITConfig    stm32f10x_usart.o
    0x080023dc   0x080023dc   0x000000d8   Code   RO         3590    i.USART_Init        stm32f10x_usart.o
    0x080024b4   0x080024b4   0x0000000a   Code   RO         3597    i.USART_ReceiveData  stm32f10x_usart.o
    0x080024be   0x080024be   0x00000008   Code   RO         3600    i.USART_SendData    stm32f10x_usart.o
    0x080024c6   0x080024c6   0x00000002   PAD
    0x080024c8   0x080024c8   0x00000098   Code   RO          424    i.USART_init        usart.o
    0x08002560   0x08002560   0x00000004   Code   RO          107    i.UsageFault_Handler  stm32f10x_it.o
    0x08002564   0x08002564   0x0000000e   Code   RO         3900    i.__scatterload_copy  mc_w.l(handlers.o)
    0x08002572   0x08002572   0x00000002   Code   RO         3901    i.__scatterload_null  mc_w.l(handlers.o)
    0x08002574   0x08002574   0x0000000e   Code   RO         3902    i.__scatterload_zeroinit  mc_w.l(handlers.o)
    0x08002582   0x08002582   0x00000002   PAD
    0x08002584   0x08002584   0x00000034   Code   RO            1    i.main              main.o
    0x080025b8   0x080025b8   0x00000005   Data   RO          202    .constdata          nrf24l01.o
    0x080025bd   0x080025bd   0x00000003   PAD
    0x080025c0   0x080025c0   0x00000020   Data   RO         3898    Region$$Table       anon$$obj.o


    Execution Region RW_IRAM1 (Exec base: 0x20000000, Load base: 0x080025e0, Size: 0x000006a8, Max: 0x00005000, ABSOLUTE)

    Exec Addr    Load Addr    Size         Type   Attr      Idx    E Section Name        Object

    0x20000000   0x080025e0   0x00000015   Data   RW          108    .data               stm32f10x_it.o
    0x20000015   0x080025f5   0x00000001   PAD
    0x20000016   0x080025f6   0x0000000c   Data   RW          203    .data               nrf24l01.o
    0x20000022   0x08002602   0x00000004   Data   RW          428    .data               usart.o
    0x20000026   0x08002606   0x00000004   Data   RW          572    .data               adc.o
    0x2000002a   0x0800260a   0x00000002   PAD
    0x2000002c   0x0800260c   0x00000006   Data   RW          616    .data               timer3.o
    0x20000032   0x08002612   0x00000001   Data   RW          641    .data               filter.o
    0x20000033   0x08002613   0x00000001   PAD
    0x20000034   0x08002614   0x00000040   Data   RW          667    .data               led_key.o
    0x20000074   0x08002654   0x0000000a   Data   RW          825    .data               struct_all.o
    0x2000007e   0x0800265e   0x00000014   Data   RW         1196    .data               stm32f10x_rcc.o
    0x20000092   0x08002672   0x00000002   PAD
    0x20000094        -       0x00000040   Zero   RW          201    .bss                nrf24l01.o
    0x200000d4        -       0x00000164   Zero   RW          427    .bss                usart.o
    0x20000238        -       0x0000000c   Zero   RW          571    .bss                adc.o
    0x20000244        -       0x00000028   Zero   RW          640    .bss                filter.o
    0x2000026c        -       0x0000003c   Zero   RW          824    .bss                struct_all.o
    0x200002a8        -       0x00000400   Zero   RW         3861    STACK               startup_stm32f10x_hd.o


==============================================================================

Image component sizes


      Code (inc. data)   RO Data    RW Data    ZI Data      Debug   Object Name

       404         24          0          4         12      21191   adc.o
         0          0          0          0          0         32   core_cm3.o
       706         54          0          1         40       1959   filter.o
      1074        142          0         64          0       4036   led_key.o
        52          8          0          0          0     236167   main.o
        30          0          0          0          0        803   maths.o
       132         22          0          0          0       1683   misc.o
       980        126          5         12         64       8355   nrf24l01.o
       308         22          0          0          0        715   protocol.o
       224         20          0          0          0     229390   spi.o
        36          8        304          0       1024        896   startup_stm32f10x_hd.o
       518         30          0          0          0       8973   stm32f10x_adc.o
        12          6          0          0          0        551   stm32f10x_bkp.o
       416          8          0          0          0       3614   stm32f10x_dma.o
       200         18          0          0          0       4560   stm32f10x_exti.o
       486         10          0          0          0       3580   stm32f10x_gpio.o
       466         66          0         21          0       8186   stm32f10x_it.o
        12          6          0          0          0        558   stm32f10x_pwr.o
       448         62          0         20          0       7631   stm32f10x_rcc.o
       112          0          0          0          0       4094   stm32f10x_spi.o
       700        106          0          0          0      23125   stm32f10x_tim.o
       358          6          0          0          0       5677   stm32f10x_usart.o
         0          0          0         10         60       1498   struct_all.o
       328         28          0          0          0       1917   system_stm32f10x.o
       410        184          0          0          0       1789   tasks.o
       100         14          0          6          0        822   timer3.o
       344         34          0          4        356       9011   usart.o

    ----------------------------------------------------------------------
      8880       1004        344        148       1556     590813   Object Totals
         0          0         32          0          0          0   (incl. Generated)
        24          0          3          6          0          0   (incl. Padding)

    ----------------------------------------------------------------------

      Code (inc. data)   RO Data    RW Data    ZI Data      Debug   Library Member Name

         0          0          0          0          0          0   entry.o
         0          0          0          0          0          0   entry10a.o
         0          0          0          0          0          0   entry11a.o
         8          4          0          0          0          0   entry2.o
         4          0          0          0          0          0   entry5.o
         0          0          0          0          0          0   entry7b.o
         0          0          0          0          0          0   entry8b.o
         8          4          0          0          0          0   entry9a.o
        30          0          0          0          0          0   handlers.o
        36          8          0          0          0         68   init.o
         0          0          0          0          0          0   iusefp.o
       124          0          0          0          0         88   fdiv.o
       110          0          0          0          0        168   fepilogue.o
        40          0          0          0          0         68   ffixui.o
        10          0          0          0          0         68   ffltui.o
       100          0          0          0          0         76   fmul.o

    ----------------------------------------------------------------------
       472         16          0          0          0        536   Library Totals
         2          0          0          0          0          0   (incl. Padding)

    ----------------------------------------------------------------------

      Code (inc. data)   RO Data    RW Data    ZI Data      Debug   Library Name

        86         16          0          0          0         68   mc_w.l
       384          0          0          0          0        468   mf_w.l

    ----------------------------------------------------------------------
       472         16          0          0          0        536   Library Totals

    ----------------------------------------------------------------------

==============================================================================


      Code (inc. data)   RO Data    RW Data    ZI Data      Debug   

      9352       1020        344        148       1556     586249   Grand Totals
      9352       1020        344        148       1556     586249   ELF Image Totals
      9352       1020        344        148          0          0   ROM Totals

==============================================================================

    Total RO  Size (Code + RO Data)                 9696 (   9.47kB)
    Total RW  Size (RW Data + ZI Data)              1704 (   1.66kB)
    Total ROM Size (Code + RO Data + RW Data)       9844 (   9.61kB)

==============================================================================

